2026-10-11 02:08:52 [INFO] tempo.benchmark: TEMPO Benchmark Runner initialised. Task: forecasting
2026-10-11 02:08:52 [INFO] tempo.benchmark: Recorded runtime environment metadata to benchmark_results/TM26a14__fleet_comparison/forecasting/environment.json
2026-10-11 02:08:52 [INFO] tempo.benchmark: Loading dataset: simulated-forecasting
2026-10-11 02:08:59 [INFO] tempo.benchmark: Evaluated: [simulated-forecasting | tsfresh_efficient | None | random_forest] -> Score: 0.6714 (Fit: 0.533s, Infer: 0.14ms, Total: 7.02s)
2026-10-11 02:08:59 [INFO] tempo.benchmark: Evaluated: [simulated-forecasting | tsfresh_efficient | None | ridge] -> Score: 1.0193 (Fit: 0.008s, Infer: 0.02ms, Total: 6.48s)
2026-10-11 02:09:00 [INFO] tempo.benchmark: Evaluated: [simulated-forecasting | tsfresh_efficient | select_k_best | random_forest] -> Score: 0.8288 (Fit: 0.077s, Infer: 0.14ms, Total: 6.58s)
2026-10-11 02:09:00 [INFO] tempo.benchmark: Evaluated: [simulated-forecasting | tsfresh_efficient | select_k_best | ridge] -> Score: 0.858 (Fit: 0.002s, Infer: 0.00ms, Total: 6.49s)
2026-10-11 02:09:03 [INFO] tempo.benchmark: Evaluated: [simulated-forecasting | tsfresh_efficient | fdr | random_forest] -> Score: 0.6976 (Fit: 0.346s, Infer: 0.13ms, Total: 9.79s)
2026-10-11 02:09:03 [INFO] tempo.benchmark: Evaluated: [simulated-forecasting | tsfresh_efficient | fdr | ridge] -> Score: 0.8872 (Fit: 0.005s, Infer: 0.01ms, Total: 9.44s)
2026-10-11 02:09:06 [WARNING] tempo.benchmark: No features survived selector 'subsampled'; fallback triggered, retaining full feature space to avoid model fit failure.
2026-10-11 02:09:07 [WARNING] tempo.benchmark: Fallback triggered on selector 'subsampled'; setting Jaccard stability to 0.0.
2026-10-11 02:09:07 [INFO] tempo.benchmark: Evaluated: [simulated-forecasting | tsfresh_efficient | subsampled | random_forest] -> Score: 0.6714 (Fit: 0.461s, Infer: 0.14ms, Total: 9.92s)
2026-10-11 02:09:07 [WARNING] tempo.benchmark: Fallback triggered on selector 'subsampled'; setting Jaccard stability to 0.0.
2026-10-11 02:09:07 [INFO] tempo.benchmark: Evaluated: [simulated-forecasting | tsfresh_efficient | subsampled | ridge] -> Score: 1.0193 (Fit: 0.006s, Infer: 0.01ms, Total: 9.45s)
2026-10-11 02:09:07 [INFO] tempo.benchmark: Evaluated: [simulated-forecasting | numba_efficient | None | random_forest] -> Score: 0.6298 (Fit: 0.186s, Infer: 0.14ms, Total: 0.22s)
2026-10-11 02:09:07 [INFO] tempo.benchmark: Evaluated: [simulated-forecasting | numba_efficient | None | ridge] -> Score: 0.7573 (Fit: 0.003s, Infer: 0.01ms, Total: 0.02s)
2026-10-11 02:09:08 [INFO] tempo.benchmark: Evaluated: [simulated-forecasting | numba_efficient | select_k_best | random_forest] -> Score: 0.9484 (Fit: 0.088s, Infer: 0.27ms, Total: 0.15s)
2026-10-11 02:09:08 [INFO] tempo.benchmark: Evaluated: [simulated-forecasting | numba_efficient | select_k_best | ridge] -> Score: 0.7805 (Fit: 0.002s, Infer: 0.00ms, Total: 0.04s)
2026-10-11 02:09:11 [INFO] tempo.benchmark: Evaluated: [simulated-forecasting | numba_efficient | fdr | random_forest] -> Score: 0.6091 (Fit: 0.157s, Infer: 0.12ms, Total: 3.08s)
2026-10-11 02:09:11 [INFO] tempo.benchmark: Evaluated: [simulated-forecasting | numba_efficient | fdr | ridge] -> Score: 0.5842 (Fit: 0.003s, Infer: 0.01ms, Total: 2.91s)
2026-10-11 02:09:14 [WARNING] tempo.benchmark: No features survived selector 'subsampled'; fallback triggered, retaining full feature space to avoid model fit failure.
2026-10-11 02:09:14 [WARNING] tempo.benchmark: Fallback triggered on selector 'subsampled'; setting Jaccard stability to 0.0.
2026-10-11 02:09:14 [INFO] tempo.benchmark: Evaluated: [simulated-forecasting | numba_efficient | subsampled | random_forest] -> Score: 0.6298 (Fit: 0.179s, Infer: 0.14ms, Total: 3.22s)
2026-10-11 02:09:14 [WARNING] tempo.benchmark: Fallback triggered on selector 'subsampled'; setting Jaccard stability to 0.0.
2026-10-11 02:09:14 [INFO] tempo.benchmark: Evaluated: [simulated-forecasting | numba_efficient | subsampled | ridge] -> Score: 0.7573 (Fit: 0.003s, Infer: 0.01ms, Total: 3.03s)
2026-10-11 02:09:15 [INFO] tempo.benchmark: Evaluated: [simulated-forecasting | polars_statistics | None | random_forest] -> Score: 1.1606 (Fit: 0.061s, Infer: 0.13ms, Total: 0.09s)
2026-10-11 02:09:15 [INFO] tempo.benchmark: Evaluated: [simulated-forecasting | polars_statistics | None | ridge] -> Score: 1.14 (Fit: 0.002s, Infer: 0.00ms, Total: 0.02s)
2026-10-11 02:09:15 [INFO] tempo.benchmark: Evaluated: [simulated-forecasting | polars_statistics | select_k_best | random_forest] -> Score: 1.1606 (Fit: 0.051s, Infer: 0.12ms, Total: 0.09s)
2026-10-11 02:09:15 [INFO] tempo.benchmark: Evaluated: [simulated-forecasting | polars_statistics | select_k_best | ridge] -> Score: 1.14 (Fit: 0.002s, Infer: 0.00ms, Total: 0.03s)
2026-10-11 02:09:18 [INFO] tempo.benchmark: Evaluated: [simulated-forecasting | polars_statistics | fdr | random_forest] -> Score: 1.1947 (Fit: 0.060s, Infer: 0.14ms, Total: 3.07s)
2026-10-11 02:09:18 [INFO] tempo.benchmark: Evaluated: [simulated-forecasting | polars_statistics | fdr | ridge] -> Score: 1.2992 (Fit: 0.002s, Infer: 0.00ms, Total: 3.00s)
2026-10-11 02:09:21 [WARNING] tempo.benchmark: No features survived selector 'subsampled'; fallback triggered, retaining full feature space to avoid model fit failure.
2026-10-11 02:09:21 [WARNING] tempo.benchmark: Fallback triggered on selector 'subsampled'; setting Jaccard stability to 0.0.
2026-10-11 02:09:22 [INFO] tempo.benchmark: Evaluated: [simulated-forecasting | polars_statistics | subsampled | random_forest] -> Score: 1.1606 (Fit: 0.060s, Infer: 0.14ms, Total: 2.96s)
2026-10-11 02:09:22 [WARNING] tempo.benchmark: Fallback triggered on selector 'subsampled'; setting Jaccard stability to 0.0.
2026-10-11 02:09:22 [INFO] tempo.benchmark: Evaluated: [simulated-forecasting | polars_statistics | subsampled | ridge] -> Score: 1.14 (Fit: 0.002s, Infer: 0.00ms, Total: 2.89s)
2026-10-11 02:09:22 [INFO] tempo.benchmark: Cache hit for extractor 'tsfresh_efficient' (ver=v1.0.0) on dataset 'simulated-forecasting' (hash=50a5dddcee92)
2026-10-11 02:09:22 [INFO] tempo.benchmark: Evaluated: [simulated-forecasting | tsfresh_efficient | None | random_forest] -> Score: 0.6855 (Fit: 0.519s, Infer: 0.12ms, Total: 0.53s)
2026-10-11 02:09:22 [INFO] tempo.benchmark: Evaluated: [simulated-forecasting | tsfresh_efficient | None | ridge] -> Score: 1.0193 (Fit: 0.007s, Infer: 0.02ms, Total: 0.01s)
2026-10-11 02:09:23 [INFO] tempo.benchmark: Evaluated: [simulated-forecasting | tsfresh_efficient | select_k_best | random_forest] -> Score: 0.8352 (Fit: 0.084s, Infer: 0.14ms, Total: 0.12s)
2026-10-11 02:09:23 [INFO] tempo.benchmark: Evaluated: [simulated-forecasting | tsfresh_efficient | select_k_best | ridge] -> Score: 0.858 (Fit: 0.002s, Infer: 0.00ms, Total: 0.02s)
2026-10-11 02:09:26 [INFO] tempo.benchmark: Evaluated: [simulated-forecasting | tsfresh_efficient | fdr | random_forest] -> Score: 0.7105 (Fit: 0.314s, Infer: 0.13ms, Total: 3.27s)
2026-10-11 02:09:26 [INFO] tempo.benchmark: Evaluated: [simulated-forecasting | tsfresh_efficient | fdr | ridge] -> Score: 0.8872 (Fit: 0.005s, Infer: 0.01ms, Total: 2.95s)
2026-10-11 02:09:29 [WARNING] tempo.benchmark: No features survived selector 'subsampled'; fallback triggered, retaining full feature space to avoid model fit failure.
2026-10-11 02:09:30 [WARNING] tempo.benchmark: Fallback triggered on selector 'subsampled'; setting Jaccard stability to 0.0.
2026-10-11 02:09:30 [INFO] tempo.benchmark: Evaluated: [simulated-forecasting | tsfresh_efficient | subsampled | random_forest] -> Score: 0.6855 (Fit: 0.463s, Infer: 0.15ms, Total: 3.38s)
2026-10-11 02:09:30 [WARNING] tempo.benchmark: Fallback triggered on selector 'subsampled'; setting Jaccard stability to 0.0.
2026-10-11 02:09:30 [INFO] tempo.benchmark: Evaluated: [simulated-forecasting | tsfresh_efficient | subsampled | ridge] -> Score: 1.0193 (Fit: 0.006s, Infer: 0.02ms, Total: 2.91s)
2026-10-11 02:09:30 [INFO] tempo.benchmark: Cache hit for extractor 'numba_efficient' (ver=v1.1.0) on dataset 'simulated-forecasting' (hash=50a5dddcee92)
2026-10-11 02:09:30 [INFO] tempo.benchmark: Evaluated: [simulated-forecasting | numba_efficient | None | random_forest] -> Score: 0.6239 (Fit: 0.182s, Infer: 0.13ms, Total: 0.20s)
2026-10-11 02:09:30 [INFO] tempo.benchmark: Evaluated: [simulated-forecasting | numba_efficient | None | ridge] -> Score: 0.7573 (Fit: 0.003s, Infer: 0.01ms, Total: 0.00s)
2026-10-11 02:09:31 [INFO] tempo.benchmark: Evaluated: [simulated-forecasting | numba_efficient | select_k_best | random_forest] -> Score: 0.9425 (Fit: 0.061s, Infer: 0.13ms, Total: 0.09s)
2026-10-11 02:09:31 [INFO] tempo.benchmark: Evaluated: [simulated-forecasting | numba_efficient | select_k_best | ridge] -> Score: 0.7805 (Fit: 0.002s, Infer: 0.00ms, Total: 0.02s)
2026-10-11 02:09:34 [INFO] tempo.benchmark: Evaluated: [simulated-forecasting | numba_efficient | fdr | random_forest] -> Score: 0.6069 (Fit: 0.136s, Infer: 0.14ms, Total: 3.04s)
2026-10-11 02:09:34 [INFO] tempo.benchmark: Evaluated: [simulated-forecasting | numba_efficient | fdr | ridge] -> Score: 0.5842 (Fit: 0.003s, Infer: 0.01ms, Total: 2.89s)
2026-10-11 02:09:37 [WARNING] tempo.benchmark: No features survived selector 'subsampled'; fallback triggered, retaining full feature space to avoid model fit failure.
2026-10-11 02:09:37 [WARNING] tempo.benchmark: Fallback triggered on selector 'subsampled'; setting Jaccard stability to 0.0.
2026-10-11 02:09:37 [INFO] tempo.benchmark: Evaluated: [simulated-forecasting | numba_efficient | subsampled | random_forest] -> Score: 0.6239 (Fit: 0.192s, Infer: 0.13ms, Total: 3.03s)
2026-10-11 02:09:37 [WARNING] tempo.benchmark: Fallback triggered on selector 'subsampled'; setting Jaccard stability to 0.0.
2026-10-11 02:09:38 [INFO] tempo.benchmark: Evaluated: [simulated-forecasting | numba_efficient | subsampled | ridge] -> Score: 0.7573 (Fit: 0.003s, Infer: 0.01ms, Total: 2.83s)
2026-10-11 02:09:38 [INFO] tempo.benchmark: Cache hit for extractor 'polars_statistics' (ver=v1.0.0) on dataset 'simulated-forecasting' (hash=50a5dddcee92)
2026-10-11 02:09:38 [INFO] tempo.benchmark: Evaluated: [simulated-forecasting | polars_statistics | None | random_forest] -> Score: 1.1681 (Fit: 0.049s, Infer: 0.13ms, Total: 0.06s)
2026-10-11 02:09:38 [INFO] tempo.benchmark: Evaluated: [simulated-forecasting | polars_statistics | None | ridge] -> Score: 1.14 (Fit: 0.002s, Infer: 0.00ms, Total: 0.00s)
2026-10-11 02:09:38 [INFO] tempo.benchmark: Evaluated: [simulated-forecasting | polars_statistics | select_k_best | random_forest] -> Score: 1.1681 (Fit: 0.058s, Infer: 0.13ms, Total: 0.08s)
2026-10-11 02:09:38 [INFO] tempo.benchmark: Evaluated: [simulated-forecasting | polars_statistics | select_k_best | ridge] -> Score: 1.14 (Fit: 0.002s, Infer: 0.00ms, Total: 0.01s)
2026-10-11 02:09:41 [INFO] tempo.benchmark: Evaluated: [simulated-forecasting | polars_statistics | fdr | random_forest] -> Score: 1.1834 (Fit: 0.062s, Infer: 0.13ms, Total: 2.87s)
2026-10-11 02:09:42 [INFO] tempo.benchmark: Evaluated: [simulated-forecasting | polars_statistics | fdr | ridge] -> Score: 1.2992 (Fit: 0.002s, Infer: 0.00ms, Total: 2.79s)
2026-10-11 02:09:45 [INFO] tempo.benchmark: Evaluated: [simulated-forecasting | polars_statistics | subsampled | random_forest] -> Score: 1.3175 (Fit: 0.063s, Infer: 0.13ms, Total: 2.94s)
2026-10-11 02:09:45 [INFO] tempo.benchmark: Evaluated: [simulated-forecasting | polars_statistics | subsampled | ridge] -> Score: 1.2186 (Fit: 0.002s, Infer: 0.00ms, Total: 2.87s)
2026-10-11 02:09:45 [INFO] tempo.benchmark: Loading dataset: appliances-energy
2026-10-11 02:09:45 [INFO] tempo.benchmark: Cache hit for extractor 'tsfresh_efficient' (ver=v1.0.0) on dataset 'appliances-energy' (hash=60bc7510f7f9)
2026-10-11 02:09:55 [INFO] tempo.benchmark: Evaluated: [appliances-energy | tsfresh_efficient | None | random_forest] -> Score: 108.1008 (Fit: 9.241s, Infer: 0.65ms, Total: 9.28s)
2026-10-11 02:09:55 [INFO] tempo.benchmark: Evaluated: [appliances-energy | tsfresh_efficient | None | ridge] -> Score: 334.3807 (Fit: 0.078s, Infer: 0.47ms, Total: 0.10s)
2026-10-11 02:09:55 [INFO] tempo.benchmark: Evaluated: [appliances-energy | tsfresh_efficient | select_k_best | random_forest] -> Score: 101.6343 (Fit: 0.061s, Infer: 0.25ms, Total: 0.12s)
2026-10-11 02:09:55 [INFO] tempo.benchmark: Evaluated: [appliances-energy | tsfresh_efficient | select_k_best | ridge] -> Score: 5711.6406 (Fit: 0.002s, Infer: 0.01ms, Total: 0.05s)
2026-10-11 02:10:01 [INFO] tempo.benchmark: Evaluated: [appliances-energy | tsfresh_efficient | fdr | random_forest] -> Score: 116.4433 (Fit: 1.421s, Infer: 0.31ms, Total: 5.65s)
2026-10-11 02:10:01 [INFO] tempo.benchmark: Evaluated: [appliances-energy | tsfresh_efficient | fdr | ridge] -> Score: 155.7581 (Fit: 0.012s, Infer: 0.07ms, Total: 4.22s)
2026-10-11 02:10:06 [WARNING] tempo.benchmark: No features survived selector 'subsampled'; fallback triggered, retaining full feature space to avoid model fit failure.
2026-10-11 02:10:15 [WARNING] tempo.benchmark: Fallback triggered on selector 'subsampled'; setting Jaccard stability to 0.0.
2026-10-11 02:10:15 [INFO] tempo.benchmark: Evaluated: [appliances-energy | tsfresh_efficient | subsampled | random_forest] -> Score: 108.1008 (Fit: 9.105s, Infer: 0.64ms, Total: 13.75s)
2026-10-11 02:10:16 [WARNING] tempo.benchmark: Fallback triggered on selector 'subsampled'; setting Jaccard stability to 0.0.
2026-10-11 02:10:16 [INFO] tempo.benchmark: Evaluated: [appliances-energy | tsfresh_efficient | subsampled | ridge] -> Score: 334.3807 (Fit: 0.079s, Infer: 0.47ms, Total: 4.71s)
2026-10-11 02:10:16 [INFO] tempo.benchmark: Cache hit for extractor 'numba_efficient' (ver=v1.1.0) on dataset 'appliances-energy' (hash=60bc7510f7f9)
2026-10-11 02:10:19 [INFO] tempo.benchmark: Evaluated: [appliances-energy | numba_efficient | None | random_forest] -> Score: 106.0702 (Fit: 3.531s, Infer: 0.37ms, Total: 3.55s)
2026-10-11 02:10:20 [INFO] tempo.benchmark: Evaluated: [appliances-energy | numba_efficient | None | ridge] -> Score: 107.6235 (Fit: 0.025s, Infer: 0.15ms, Total: 0.03s)
2026-10-11 02:10:20 [INFO] tempo.benchmark: Evaluated: [appliances-energy | numba_efficient | select_k_best | random_forest] -> Score: 95.3596 (Fit: 0.061s, Infer: 0.22ms, Total: 0.10s)
2026-10-11 02:10:20 [INFO] tempo.benchmark: Evaluated: [appliances-energy | numba_efficient | select_k_best | ridge] -> Score: 104.1773 (Fit: 0.002s, Infer: 0.01ms, Total: 0.03s)
2026-10-11 02:10:24 [INFO] tempo.benchmark: Evaluated: [appliances-energy | numba_efficient | fdr | random_forest] -> Score: 127.3895 (Fit: 0.242s, Infer: 0.27ms, Total: 3.63s)
2026-10-11 02:10:24 [INFO] tempo.benchmark: Evaluated: [appliances-energy | numba_efficient | fdr | ridge] -> Score: 150.7682 (Fit: 0.004s, Infer: 0.02ms, Total: 3.38s)
2026-10-11 02:10:27 [WARNING] tempo.benchmark: No features survived selector 'subsampled'; fallback triggered, retaining full feature space to avoid model fit failure.
2026-10-11 02:10:31 [WARNING] tempo.benchmark: Fallback triggered on selector 'subsampled'; setting Jaccard stability to 0.0.
2026-10-11 02:10:31 [INFO] tempo.benchmark: Evaluated: [appliances-energy | numba_efficient | subsampled | random_forest] -> Score: 106.0702 (Fit: 3.484s, Infer: 0.37ms, Total: 6.68s)
2026-10-11 02:10:31 [WARNING] tempo.benchmark: Fallback triggered on selector 'subsampled'; setting Jaccard stability to 0.0.
2026-10-11 02:10:31 [INFO] tempo.benchmark: Evaluated: [appliances-energy | numba_efficient | subsampled | ridge] -> Score: 107.6235 (Fit: 0.025s, Infer: 0.15ms, Total: 3.21s)
2026-10-11 02:10:31 [INFO] tempo.benchmark: Cache hit for extractor 'polars_statistics' (ver=v1.0.0) on dataset 'appliances-energy' (hash=60bc7510f7f9)
2026-10-11 02:10:32 [INFO] tempo.benchmark: Evaluated: [appliances-energy | polars_statistics | None | random_forest] -> Score: 169.4576 (Fit: 0.217s, Infer: 0.26ms, Total: 0.23s)
2026-10-11 02:10:32 [INFO] tempo.benchmark: Evaluated: [appliances-energy | polars_statistics | None | ridge] -> Score: 143.7964 (Fit: 0.002s, Infer: 0.01ms, Total: 0.00s)
2026-10-11 02:10:32 [INFO] tempo.benchmark: Evaluated: [appliances-energy | polars_statistics | select_k_best | random_forest] -> Score: 148.7248 (Fit: 0.063s, Infer: 0.23ms, Total: 0.09s)
2026-10-11 02:10:32 [INFO] tempo.benchmark: Evaluated: [appliances-energy | polars_statistics | select_k_best | ridge] -> Score: 112.7655 (Fit: 0.002s, Infer: 0.01ms, Total: 0.02s)
2026-10-11 02:10:35 [INFO] tempo.benchmark: Evaluated: [appliances-energy | polars_statistics | fdr | random_forest] -> Score: 170.6989 (Fit: 0.061s, Infer: 0.25ms, Total: 2.92s)
2026-10-11 02:10:36 [INFO] tempo.benchmark: Evaluated: [appliances-energy | polars_statistics | fdr | ridge] -> Score: 109.6181 (Fit: 0.002s, Infer: 0.01ms, Total: 2.85s)
2026-10-11 02:10:39 [WARNING] tempo.benchmark: No features survived selector 'subsampled'; fallback triggered, retaining full feature space to avoid model fit failure.
2026-10-11 02:10:39 [WARNING] tempo.benchmark: Fallback triggered on selector 'subsampled'; setting Jaccard stability to 0.0.
2026-10-11 02:10:39 [INFO] tempo.benchmark: Evaluated: [appliances-energy | polars_statistics | subsampled | random_forest] -> Score: 169.4576 (Fit: 0.174s, Infer: 0.23ms, Total: 3.02s)
2026-10-11 02:10:39 [WARNING] tempo.benchmark: Fallback triggered on selector 'subsampled'; setting Jaccard stability to 0.0.
2026-10-11 02:10:39 [INFO] tempo.benchmark: Evaluated: [appliances-energy | polars_statistics | subsampled | ridge] -> Score: 143.7964 (Fit: 0.003s, Infer: 0.01ms, Total: 2.84s)
2026-10-11 02:10:39 [INFO] tempo.benchmark: Cache hit for extractor 'tsfresh_efficient' (ver=v1.0.0) on dataset 'appliances-energy' (hash=60bc7510f7f9)
2026-10-11 02:10:49 [INFO] tempo.benchmark: Evaluated: [appliances-energy | tsfresh_efficient | None | random_forest] -> Score: 111.4503 (Fit: 9.610s, Infer: 0.65ms, Total: 9.65s)
2026-10-11 02:10:49 [INFO] tempo.benchmark: Evaluated: [appliances-energy | tsfresh_efficient | None | ridge] -> Score: 334.3807 (Fit: 0.080s, Infer: 0.47ms, Total: 0.11s)
2026-10-11 02:10:50 [INFO] tempo.benchmark: Evaluated: [appliances-energy | tsfresh_efficient | select_k_best | random_forest] -> Score: 109.2142 (Fit: 0.060s, Infer: 0.25ms, Total: 0.12s)
2026-10-11 02:10:50 [INFO] tempo.benchmark: Evaluated: [appliances-energy | tsfresh_efficient | select_k_best | ridge] -> Score: 5711.6406 (Fit: 0.002s, Infer: 0.01ms, Total: 0.05s)
2026-10-11 02:10:56 [INFO] tempo.benchmark: Evaluated: [appliances-energy | tsfresh_efficient | fdr | random_forest] -> Score: 121.2171 (Fit: 1.480s, Infer: 0.30ms, Total: 5.69s)
2026-10-11 02:10:56 [INFO] tempo.benchmark: Evaluated: [appliances-energy | tsfresh_efficient | fdr | ridge] -> Score: 155.7581 (Fit: 0.013s, Infer: 0.08ms, Total: 4.21s)
2026-10-11 02:11:01 [WARNING] tempo.benchmark: No features survived selector 'subsampled'; fallback triggered, retaining full feature space to avoid model fit failure.
2026-10-11 02:11:10 [WARNING] tempo.benchmark: Fallback triggered on selector 'subsampled'; setting Jaccard stability to 0.0.
2026-10-11 02:11:10 [INFO] tempo.benchmark: Evaluated: [appliances-energy | tsfresh_efficient | subsampled | random_forest] -> Score: 111.4503 (Fit: 9.544s, Infer: 0.66ms, Total: 14.12s)
2026-10-11 02:11:11 [WARNING] tempo.benchmark: Fallback triggered on selector 'subsampled'; setting Jaccard stability to 0.0.
2026-10-11 02:11:11 [INFO] tempo.benchmark: Evaluated: [appliances-energy | tsfresh_efficient | subsampled | ridge] -> Score: 334.3807 (Fit: 0.080s, Infer: 0.49ms, Total: 4.65s)
2026-10-11 02:11:11 [INFO] tempo.benchmark: Cache hit for extractor 'numba_efficient' (ver=v1.1.0) on dataset 'appliances-energy' (hash=60bc7510f7f9)
2026-10-11 02:11:15 [INFO] tempo.benchmark: Evaluated: [appliances-energy | numba_efficient | None | random_forest] -> Score: 117.582 (Fit: 3.583s, Infer: 0.38ms, Total: 3.60s)
2026-10-11 02:11:15 [INFO] tempo.benchmark: Evaluated: [appliances-energy | numba_efficient | None | ridge] -> Score: 107.6235 (Fit: 0.026s, Infer: 0.15ms, Total: 0.03s)
2026-10-11 02:11:15 [INFO] tempo.benchmark: Evaluated: [appliances-energy | numba_efficient | select_k_best | random_forest] -> Score: 94.9573 (Fit: 0.057s, Infer: 0.25ms, Total: 0.10s)
2026-10-11 02:11:15 [INFO] tempo.benchmark: Evaluated: [appliances-energy | numba_efficient | select_k_best | ridge] -> Score: 104.1773 (Fit: 0.002s, Infer: 0.01ms, Total: 0.03s)
2026-10-11 02:11:19 [INFO] tempo.benchmark: Evaluated: [appliances-energy | numba_efficient | fdr | random_forest] -> Score: 124.4224 (Fit: 0.240s, Infer: 0.26ms, Total: 3.49s)
2026-10-11 02:11:19 [INFO] tempo.benchmark: Evaluated: [appliances-energy | numba_efficient | fdr | ridge] -> Score: 150.7682 (Fit: 0.004s, Infer: 0.02ms, Total: 3.24s)
2026-10-11 02:11:22 [WARNING] tempo.benchmark: No features survived selector 'subsampled'; fallback triggered, retaining full feature space to avoid model fit failure.
2026-10-11 02:11:26 [WARNING] tempo.benchmark: Fallback triggered on selector 'subsampled'; setting Jaccard stability to 0.0.
2026-10-11 02:11:26 [INFO] tempo.benchmark: Evaluated: [appliances-energy | numba_efficient | subsampled | random_forest] -> Score: 117.582 (Fit: 3.400s, Infer: 0.38ms, Total: 6.67s)
2026-10-11 02:11:26 [WARNING] tempo.benchmark: Fallback triggered on selector 'subsampled'; setting Jaccard stability to 0.0.
2026-10-11 02:11:26 [INFO] tempo.benchmark: Evaluated: [appliances-energy | numba_efficient | subsampled | ridge] -> Score: 107.6235 (Fit: 0.026s, Infer: 0.15ms, Total: 3.28s)
2026-10-11 02:11:26 [INFO] tempo.benchmark: Cache hit for extractor 'polars_statistics' (ver=v1.0.0) on dataset 'appliances-energy' (hash=60bc7510f7f9)
2026-10-11 02:11:27 [INFO] tempo.benchmark: Evaluated: [appliances-energy | polars_statistics | None | random_forest] -> Score: 161.1967 (Fit: 0.208s, Infer: 0.26ms, Total: 0.22s)
2026-10-11 02:11:27 [INFO] tempo.benchmark: Evaluated: [appliances-energy | polars_statistics | None | ridge] -> Score: 143.7964 (Fit: 0.003s, Infer: 0.01ms, Total: 0.00s)
2026-10-11 02:11:27 [INFO] tempo.benchmark: Evaluated: [appliances-energy | polars_statistics | select_k_best | random_forest] -> Score: 149.8966 (Fit: 0.062s, Infer: 0.25ms, Total: 0.09s)
2026-10-11 02:11:27 [INFO] tempo.benchmark: Evaluated: [appliances-energy | polars_statistics | select_k_best | ridge] -> Score: 112.7655 (Fit: 0.002s, Infer: 0.01ms, Total: 0.02s)
2026-10-11 02:11:30 [INFO] tempo.benchmark: Evaluated: [appliances-energy | polars_statistics | fdr | random_forest] -> Score: 140.1305 (Fit: 0.064s, Infer: 0.25ms, Total: 2.89s)
2026-10-11 02:11:31 [INFO] tempo.benchmark: Evaluated: [appliances-energy | polars_statistics | fdr | ridge] -> Score: 109.6181 (Fit: 0.002s, Infer: 0.01ms, Total: 2.81s)
2026-10-11 02:11:34 [INFO] tempo.benchmark: Evaluated: [appliances-energy | polars_statistics | subsampled | random_forest] -> Score: 109.586 (Fit: 0.051s, Infer: 0.25ms, Total: 2.94s)
2026-10-11 02:11:34 [INFO] tempo.benchmark: Evaluated: [appliances-energy | polars_statistics | subsampled | ridge] -> Score: 98.2488 (Fit: 0.002s, Infer: 0.01ms, Total: 2.88s)
2026-10-11 02:11:34 [INFO] tempo.benchmark: Loading dataset: beijing-pm25
2026-10-11 02:11:34 [INFO] tempo.benchmark: Cache hit for extractor 'tsfresh_efficient' (ver=v1.0.0) on dataset 'beijing-pm25' (hash=f5982272ec38)
2026-10-11 02:12:25 [INFO] tempo.benchmark: Evaluated: [beijing-pm25 | tsfresh_efficient | None | random_forest] -> Score: 66.458 (Fit: 50.444s, Infer: 0.05ms, Total: 50.48s)
2026-10-11 02:12:26 [INFO] tempo.benchmark: Evaluated: [beijing-pm25 | tsfresh_efficient | None | ridge] -> Score: 125.869 (Fit: 0.332s, Infer: 0.04ms, Total: 0.36s)
2026-10-11 02:12:26 [INFO] tempo.benchmark: Evaluated: [beijing-pm25 | tsfresh_efficient | select_k_best | random_forest] -> Score: 79.1003 (Fit: 0.391s, Infer: 0.02ms, Total: 0.47s)
2026-10-11 02:12:26 [INFO] tempo.benchmark: Evaluated: [beijing-pm25 | tsfresh_efficient | select_k_best | ridge] -> Score: 78.8752 (Fit: 0.003s, Infer: 0.00ms, Total: 0.06s)
2026-10-11 02:13:04 [INFO] tempo.benchmark: Evaluated: [beijing-pm25 | tsfresh_efficient | fdr | random_forest] -> Score: 66.6572 (Fit: 32.576s, Infer: 0.04ms, Total: 37.08s)
2026-10-11 02:13:04 [INFO] tempo.benchmark: Evaluated: [beijing-pm25 | tsfresh_efficient | fdr | ridge] -> Score: 96.6006 (Fit: 0.175s, Infer: 0.02ms, Total: 4.66s)
2026-10-11 02:13:24 [INFO] tempo.benchmark: Evaluated: [beijing-pm25 | tsfresh_efficient | subsampled | random_forest] -> Score: 67.3002 (Fit: 16.046s, Infer: 0.04ms, Total: 19.53s)
2026-10-11 02:13:24 [INFO] tempo.benchmark: Evaluated: [beijing-pm25 | tsfresh_efficient | subsampled | ridge] -> Score: 78.3577 (Fit: 0.054s, Infer: 0.01ms, Total: 3.51s)
2026-10-11 02:13:24 [INFO] tempo.benchmark: Cache hit for extractor 'numba_efficient' (ver=v1.1.0) on dataset 'beijing-pm25' (hash=f5982272ec38)
2026-10-11 02:13:38 [INFO] tempo.benchmark: Evaluated: [beijing-pm25 | numba_efficient | None | random_forest] -> Score: 67.3635 (Fit: 13.181s, Infer: 0.02ms, Total: 13.20s)
2026-10-11 02:13:38 [INFO] tempo.benchmark: Evaluated: [beijing-pm25 | numba_efficient | None | ridge] -> Score: 104.6476 (Fit: 0.082s, Infer: 0.01ms, Total: 0.09s)
2026-10-11 02:13:39 [INFO] tempo.benchmark: Evaluated: [beijing-pm25 | numba_efficient | select_k_best | random_forest] -> Score: 81.7403 (Fit: 0.307s, Infer: 0.02ms, Total: 0.35s)
2026-10-11 02:13:39 [INFO] tempo.benchmark: Evaluated: [beijing-pm25 | numba_efficient | select_k_best | ridge] -> Score: 81.8446 (Fit: 0.002s, Infer: 0.00ms, Total: 0.03s)
2026-10-11 02:13:51 [INFO] tempo.benchmark: Evaluated: [beijing-pm25 | numba_efficient | fdr | random_forest] -> Score: 67.6024 (Fit: 8.438s, Infer: 0.02ms, Total: 11.69s)
2026-10-11 02:13:51 [INFO] tempo.benchmark: Evaluated: [beijing-pm25 | numba_efficient | fdr | ridge] -> Score: 73.601 (Fit: 0.027s, Infer: 0.01ms, Total: 3.26s)
2026-10-11 02:13:59 [INFO] tempo.benchmark: Evaluated: [beijing-pm25 | numba_efficient | subsampled | random_forest] -> Score: 70.8085 (Fit: 4.495s, Infer: 0.02ms, Total: 7.47s)
2026-10-11 02:13:59 [INFO] tempo.benchmark: Evaluated: [beijing-pm25 | numba_efficient | subsampled | ridge] -> Score: 74.9847 (Fit: 0.013s, Infer: 0.00ms, Total: 2.98s)
2026-10-11 02:13:59 [INFO] tempo.benchmark: Cache hit for extractor 'polars_statistics' (ver=v1.0.0) on dataset 'beijing-pm25' (hash=f5982272ec38)
2026-10-11 02:14:00 [INFO] tempo.benchmark: Evaluated: [beijing-pm25 | polars_statistics | None | random_forest] -> Score: 71.5855 (Fit: 0.587s, Infer: 0.02ms, Total: 0.60s)
2026-10-11 02:14:00 [INFO] tempo.benchmark: Evaluated: [beijing-pm25 | polars_statistics | None | ridge] -> Score: 75.3976 (Fit: 0.003s, Infer: 0.00ms, Total: 0.00s)
2026-10-11 02:14:01 [INFO] tempo.benchmark: Evaluated: [beijing-pm25 | polars_statistics | select_k_best | random_forest] -> Score: 74.8977 (Fit: 0.342s, Infer: 0.03ms, Total: 0.38s)
2026-10-11 02:14:01 [INFO] tempo.benchmark: Evaluated: [beijing-pm25 | polars_statistics | select_k_best | ridge] -> Score: 81.1182 (Fit: 0.003s, Infer: 0.00ms, Total: 0.02s)
2026-10-11 02:14:05 [INFO] tempo.benchmark: Evaluated: [beijing-pm25 | polars_statistics | fdr | random_forest] -> Score: 71.9044 (Fit: 0.543s, Infer: 0.02ms, Total: 3.48s)
2026-10-11 02:14:05 [INFO] tempo.benchmark: Evaluated: [beijing-pm25 | polars_statistics | fdr | ridge] -> Score: 76.1326 (Fit: 0.003s, Infer: 0.00ms, Total: 2.92s)
2026-10-11 02:14:09 [INFO] tempo.benchmark: Evaluated: [beijing-pm25 | polars_statistics | subsampled | random_forest] -> Score: 74.3272 (Fit: 0.329s, Infer: 0.02ms, Total: 3.17s)
2026-10-11 02:14:09 [INFO] tempo.benchmark: Evaluated: [beijing-pm25 | polars_statistics | subsampled | ridge] -> Score: 81.6416 (Fit: 0.003s, Infer: 0.00ms, Total: 2.83s)
2026-10-11 02:14:09 [INFO] tempo.benchmark: Cache hit for extractor 'tsfresh_efficient' (ver=v1.0.0) on dataset 'beijing-pm25' (hash=f5982272ec38)
2026-10-11 02:14:58 [INFO] tempo.benchmark: Evaluated: [beijing-pm25 | tsfresh_efficient | None | random_forest] -> Score: 66.4669 (Fit: 48.118s, Infer: 0.05ms, Total: 48.16s)
2026-10-11 02:14:58 [INFO] tempo.benchmark: Evaluated: [beijing-pm25 | tsfresh_efficient | None | ridge] -> Score: 125.869 (Fit: 0.369s, Infer: 0.04ms, Total: 0.40s)
2026-10-11 02:14:59 [INFO] tempo.benchmark: Evaluated: [beijing-pm25 | tsfresh_efficient | select_k_best | random_forest] -> Score: 79.2598 (Fit: 0.390s, Infer: 0.02ms, Total: 0.46s)
2026-10-11 02:14:59 [INFO] tempo.benchmark: Evaluated: [beijing-pm25 | tsfresh_efficient | select_k_best | ridge] -> Score: 78.8752 (Fit: 0.002s, Infer: 0.00ms, Total: 0.06s)
2026-10-11 02:15:35 [INFO] tempo.benchmark: Evaluated: [beijing-pm25 | tsfresh_efficient | fdr | random_forest] -> Score: 67.0546 (Fit: 30.280s, Infer: 0.03ms, Total: 34.88s)
2026-10-11 02:15:35 [INFO] tempo.benchmark: Evaluated: [beijing-pm25 | tsfresh_efficient | fdr | ridge] -> Score: 96.6006 (Fit: 0.177s, Infer: 0.02ms, Total: 4.77s)
2026-10-11 02:15:53 [INFO] tempo.benchmark: Evaluated: [beijing-pm25 | tsfresh_efficient | subsampled | random_forest] -> Score: 68.5709 (Fit: 14.194s, Infer: 0.04ms, Total: 17.54s)
2026-10-11 02:15:53 [INFO] tempo.benchmark: Evaluated: [beijing-pm25 | tsfresh_efficient | subsampled | ridge] -> Score: 79.1563 (Fit: 0.054s, Infer: 0.01ms, Total: 3.38s)
2026-10-11 02:15:53 [INFO] tempo.benchmark: Cache hit for extractor 'numba_efficient' (ver=v1.1.0) on dataset 'beijing-pm25' (hash=f5982272ec38)
2026-10-11 02:16:07 [INFO] tempo.benchmark: Evaluated: [beijing-pm25 | numba_efficient | None | random_forest] -> Score: 67.8385 (Fit: 13.095s, Infer: 0.04ms, Total: 13.12s)
2026-10-11 02:16:07 [INFO] tempo.benchmark: Evaluated: [beijing-pm25 | numba_efficient | None | ridge] -> Score: 104.6476 (Fit: 0.081s, Infer: 0.01ms, Total: 0.09s)
2026-10-11 02:16:08 [INFO] tempo.benchmark: Evaluated: [beijing-pm25 | numba_efficient | select_k_best | random_forest] -> Score: 81.5695 (Fit: 0.283s, Infer: 0.02ms, Total: 0.33s)
2026-10-11 02:16:08 [INFO] tempo.benchmark: Evaluated: [beijing-pm25 | numba_efficient | select_k_best | ridge] -> Score: 81.8446 (Fit: 0.003s, Infer: 0.00ms, Total: 0.03s)
2026-10-11 02:16:20 [INFO] tempo.benchmark: Evaluated: [beijing-pm25 | numba_efficient | fdr | random_forest] -> Score: 69.1002 (Fit: 8.758s, Infer: 0.02ms, Total: 11.89s)
2026-10-11 02:16:20 [INFO] tempo.benchmark: Evaluated: [beijing-pm25 | numba_efficient | fdr | ridge] -> Score: 73.601 (Fit: 0.025s, Infer: 0.01ms, Total: 3.14s)
2026-10-11 02:16:28 [INFO] tempo.benchmark: Evaluated: [beijing-pm25 | numba_efficient | subsampled | random_forest] -> Score: 69.4704 (Fit: 4.184s, Infer: 0.02ms, Total: 7.13s)
2026-10-11 02:16:28 [INFO] tempo.benchmark: Evaluated: [beijing-pm25 | numba_efficient | subsampled | ridge] -> Score: 74.3574 (Fit: 0.012s, Infer: 0.00ms, Total: 2.95s)
2026-10-11 02:16:28 [INFO] tempo.benchmark: Cache hit for extractor 'polars_statistics' (ver=v1.0.0) on dataset 'beijing-pm25' (hash=f5982272ec38)
2026-10-11 02:16:29 [INFO] tempo.benchmark: Evaluated: [beijing-pm25 | polars_statistics | None | random_forest] -> Score: 71.2467 (Fit: 0.532s, Infer: 0.02ms, Total: 0.55s)
2026-10-11 02:16:29 [INFO] tempo.benchmark: Evaluated: [beijing-pm25 | polars_statistics | None | ridge] -> Score: 75.3976 (Fit: 0.003s, Infer: 0.00ms, Total: 0.00s)
2026-10-11 02:16:30 [INFO] tempo.benchmark: Evaluated: [beijing-pm25 | polars_statistics | select_k_best | random_forest] -> Score: 75.881 (Fit: 0.344s, Infer: 0.02ms, Total: 0.37s)
2026-10-11 02:16:30 [INFO] tempo.benchmark: Evaluated: [beijing-pm25 | polars_statistics | select_k_best | ridge] -> Score: 81.1182 (Fit: 0.003s, Infer: 0.00ms, Total: 0.02s)
2026-10-11 02:16:34 [INFO] tempo.benchmark: Evaluated: [beijing-pm25 | polars_statistics | fdr | random_forest] -> Score: 71.2173 (Fit: 0.524s, Infer: 0.02ms, Total: 3.43s)
2026-10-11 02:16:34 [INFO] tempo.benchmark: Evaluated: [beijing-pm25 | polars_statistics | fdr | ridge] -> Score: 76.1326 (Fit: 0.003s, Infer: 0.00ms, Total: 2.90s)
2026-10-11 02:16:38 [INFO] tempo.benchmark: Evaluated: [beijing-pm25 | polars_statistics | subsampled | random_forest] -> Score: 75.4285 (Fit: 0.320s, Infer: 0.03ms, Total: 3.17s)
2026-10-11 02:16:38 [INFO] tempo.benchmark: Evaluated: [beijing-pm25 | polars_statistics | subsampled | ridge] -> Score: 81.1073 (Fit: 0.003s, Infer: 0.00ms, Total: 2.82s)
2026-10-11 02:16:38 [INFO] tempo.benchmark: Saved benchmark telemetry to: benchmark_results/TM26a14__fleet_comparison/forecasting/benchmark_results_20261011_021638.csv and benchmark_results/TM26a14__fleet_comparison/forecasting/benchmark_results.csv
