2026-10-07 21:11:43 [INFO] tempo.benchmark: TEMPO Benchmark Runner initialised. Task: classification
2026-10-07 21:11:43 [INFO] tempo.benchmark: Recorded runtime environment metadata to benchmark_results/TM26a12__gas_drift_unified_matrix/environment.json
2026-10-07 21:11:43 [INFO] tempo.benchmark: Loading dataset: gas-sensor-drift-sub
2026-10-07 21:11:43 [INFO] tempo.benchmark: Cache hit for extractor 'numba_efficient' on dataset 'gas-sensor-drift-sub'
2026-10-07 21:11:44 [INFO] tempo.benchmark: Evaluated: [gas-sensor-drift-sub | numba_efficient | None | random_forest] -> Score: 0.96 (Fit: 0.099s, Infer: 0.16ms, Total: 0.59s)
2026-10-07 21:11:45 [INFO] tempo.benchmark: Evaluated: [gas-sensor-drift-sub | numba_efficient | None | logistic_regression] -> Score: 0.97 (Fit: 0.201s, Infer: 0.06ms, Total: 1.04s)
2026-10-07 21:11:46 [INFO] tempo.benchmark: Evaluated: [gas-sensor-drift-sub | numba_efficient | select_k_best_anova | random_forest] -> Score: 0.9367 (Fit: 0.078s, Infer: 0.12ms, Total: 0.58s)
2026-10-07 21:11:47 [INFO] tempo.benchmark: Evaluated: [gas-sensor-drift-sub | numba_efficient | select_k_best_anova | logistic_regression] -> Score: 0.8633 (Fit: 0.033s, Infer: 0.01ms, Total: 0.28s)
2026-10-07 21:12:12 [INFO] tempo.benchmark: Evaluated: [gas-sensor-drift-sub | numba_efficient | mutual_info | random_forest] -> Score: 0.9367 (Fit: 0.075s, Infer: 0.12ms, Total: 25.02s)
2026-10-07 21:12:36 [INFO] tempo.benchmark: Evaluated: [gas-sensor-drift-sub | numba_efficient | mutual_info | logistic_regression] -> Score: 0.9183 (Fit: 0.013s, Infer: 0.01ms, Total: 24.01s)
2026-10-07 21:12:58 [INFO] tempo.benchmark: Evaluated: [gas-sensor-drift-sub | numba_efficient | fdr | random_forest] -> Score: 0.9583 (Fit: 0.098s, Infer: 0.13ms, Total: 21.16s)
2026-10-07 21:13:19 [INFO] tempo.benchmark: Evaluated: [gas-sensor-drift-sub | numba_efficient | fdr | logistic_regression] -> Score: 0.97 (Fit: 0.073s, Infer: 0.03ms, Total: 20.25s)
2026-10-07 21:13:28 [INFO] tempo.benchmark: Evaluated: [gas-sensor-drift-sub | numba_efficient | boruta | random_forest] -> Score: 0.9667 (Fit: 0.080s, Infer: 0.11ms, Total: 9.07s)
2026-10-07 21:13:37 [INFO] tempo.benchmark: Evaluated: [gas-sensor-drift-sub | numba_efficient | boruta | logistic_regression] -> Score: 0.9567 (Fit: 0.018s, Infer: 0.01ms, Total: 8.66s)
2026-10-07 21:13:59 [INFO] tempo.benchmark: Evaluated: [gas-sensor-drift-sub | numba_efficient | subsampled_fdr | random_forest] -> Score: 0.96 (Fit: 0.103s, Infer: 0.12ms, Total: 21.33s)
2026-10-07 21:14:19 [INFO] tempo.benchmark: Evaluated: [gas-sensor-drift-sub | numba_efficient | subsampled_fdr | logistic_regression] -> Score: 0.9683 (Fit: 0.052s, Infer: 0.02ms, Total: 19.55s)
2026-10-07 21:14:19 [INFO] tempo.benchmark: Cache hit for extractor 'polars_statistics' on dataset 'gas-sensor-drift-sub'
2026-10-07 21:14:19 [INFO] tempo.benchmark: Evaluated: [gas-sensor-drift-sub | polars_statistics | None | random_forest] -> Score: 0.865 (Fit: 0.077s, Infer: 0.12ms, Total: 0.46s)
2026-10-07 21:14:20 [INFO] tempo.benchmark: Evaluated: [gas-sensor-drift-sub | polars_statistics | None | logistic_regression] -> Score: 0.9033 (Fit: 0.021s, Infer: 0.01ms, Total: 0.11s)
2026-10-07 21:14:21 [INFO] tempo.benchmark: Evaluated: [gas-sensor-drift-sub | polars_statistics | select_k_best_anova | random_forest] -> Score: 0.8317 (Fit: 0.077s, Infer: 0.12ms, Total: 0.52s)
2026-10-07 21:14:21 [INFO] tempo.benchmark: Evaluated: [gas-sensor-drift-sub | polars_statistics | select_k_best_anova | logistic_regression] -> Score: 0.805 (Fit: 0.011s, Infer: 0.00ms, Total: 0.12s)
2026-10-07 21:14:23 [INFO] tempo.benchmark: Evaluated: [gas-sensor-drift-sub | polars_statistics | mutual_info | random_forest] -> Score: 0.825 (Fit: 0.076s, Infer: 0.12ms, Total: 1.30s)
2026-10-07 21:14:24 [INFO] tempo.benchmark: Evaluated: [gas-sensor-drift-sub | polars_statistics | mutual_info | logistic_regression] -> Score: 0.7817 (Fit: 0.009s, Infer: 0.01ms, Total: 0.89s)
2026-10-07 21:14:41 [INFO] tempo.benchmark: Evaluated: [gas-sensor-drift-sub | polars_statistics | fdr | random_forest] -> Score: 0.86 (Fit: 0.079s, Infer: 0.12ms, Total: 16.08s)
2026-10-07 21:14:56 [INFO] tempo.benchmark: Evaluated: [gas-sensor-drift-sub | polars_statistics | fdr | logistic_regression] -> Score: 0.905 (Fit: 0.022s, Infer: 0.01ms, Total: 15.39s)
2026-10-07 21:15:04 [INFO] tempo.benchmark: Evaluated: [gas-sensor-drift-sub | polars_statistics | boruta | random_forest] -> Score: 0.8717 (Fit: 0.083s, Infer: 0.13ms, Total: 7.20s)
2026-10-07 21:15:11 [INFO] tempo.benchmark: Evaluated: [gas-sensor-drift-sub | polars_statistics | boruta | logistic_regression] -> Score: 0.8967 (Fit: 0.020s, Infer: 0.01ms, Total: 6.71s)
2026-10-07 21:15:28 [INFO] tempo.benchmark: Evaluated: [gas-sensor-drift-sub | polars_statistics | subsampled_fdr | random_forest] -> Score: 0.8283 (Fit: 0.083s, Infer: 0.13ms, Total: 16.27s)
2026-10-07 21:15:44 [INFO] tempo.benchmark: Evaluated: [gas-sensor-drift-sub | polars_statistics | subsampled_fdr | logistic_regression] -> Score: 0.8233 (Fit: 0.014s, Infer: 0.01ms, Total: 15.48s)
2026-10-07 21:15:44 [INFO] tempo.benchmark: Cache hit for extractor 'numpy_statistical' on dataset 'gas-sensor-drift-sub'
2026-10-07 21:15:44 [INFO] tempo.benchmark: Evaluated: [gas-sensor-drift-sub | numpy_statistical | None | random_forest] -> Score: 0.865 (Fit: 0.082s, Infer: 0.14ms, Total: 0.49s)
2026-10-07 21:15:45 [INFO] tempo.benchmark: Evaluated: [gas-sensor-drift-sub | numpy_statistical | None | logistic_regression] -> Score: 0.9033 (Fit: 0.022s, Infer: 0.01ms, Total: 0.11s)
2026-10-07 21:15:46 [INFO] tempo.benchmark: Evaluated: [gas-sensor-drift-sub | numpy_statistical | select_k_best_anova | random_forest] -> Score: 0.8317 (Fit: 0.075s, Infer: 0.13ms, Total: 0.51s)
2026-10-07 21:15:46 [INFO] tempo.benchmark: Evaluated: [gas-sensor-drift-sub | numpy_statistical | select_k_best_anova | logistic_regression] -> Score: 0.805 (Fit: 0.011s, Infer: 0.01ms, Total: 0.11s)
2026-10-07 21:15:48 [INFO] tempo.benchmark: Evaluated: [gas-sensor-drift-sub | numpy_statistical | mutual_info | random_forest] -> Score: 0.825 (Fit: 0.075s, Infer: 0.13ms, Total: 1.27s)
2026-10-07 21:15:49 [INFO] tempo.benchmark: Evaluated: [gas-sensor-drift-sub | numpy_statistical | mutual_info | logistic_regression] -> Score: 0.7817 (Fit: 0.009s, Infer: 0.01ms, Total: 0.87s)
2026-10-07 21:16:05 [INFO] tempo.benchmark: Evaluated: [gas-sensor-drift-sub | numpy_statistical | fdr | random_forest] -> Score: 0.86 (Fit: 0.080s, Infer: 0.13ms, Total: 15.77s)
2026-10-07 21:16:21 [INFO] tempo.benchmark: Evaluated: [gas-sensor-drift-sub | numpy_statistical | fdr | logistic_regression] -> Score: 0.9033 (Fit: 0.022s, Infer: 0.01ms, Total: 15.36s)
2026-10-07 21:16:29 [INFO] tempo.benchmark: Evaluated: [gas-sensor-drift-sub | numpy_statistical | boruta | random_forest] -> Score: 0.8717 (Fit: 0.080s, Infer: 0.14ms, Total: 7.21s)
2026-10-07 21:16:36 [INFO] tempo.benchmark: Evaluated: [gas-sensor-drift-sub | numpy_statistical | boruta | logistic_regression] -> Score: 0.8967 (Fit: 0.021s, Infer: 0.01ms, Total: 6.82s)
2026-10-07 21:16:52 [INFO] tempo.benchmark: Evaluated: [gas-sensor-drift-sub | numpy_statistical | subsampled_fdr | random_forest] -> Score: 0.8283 (Fit: 0.080s, Infer: 0.12ms, Total: 15.94s)
2026-10-07 21:17:08 [INFO] tempo.benchmark: Evaluated: [gas-sensor-drift-sub | numpy_statistical | subsampled_fdr | logistic_regression] -> Score: 0.8233 (Fit: 0.014s, Infer: 0.01ms, Total: 15.38s)
2026-10-07 21:17:08 [INFO] tempo.benchmark: Cache hit for extractor 'tsfresh_minimal' on dataset 'gas-sensor-drift-sub'
2026-10-07 21:17:09 [INFO] tempo.benchmark: Evaluated: [gas-sensor-drift-sub | tsfresh_minimal | None | random_forest] -> Score: 0.8717 (Fit: 0.086s, Infer: 0.14ms, Total: 0.51s)
2026-10-07 21:17:09 [INFO] tempo.benchmark: Evaluated: [gas-sensor-drift-sub | tsfresh_minimal | None | logistic_regression] -> Score: 0.925 (Fit: 0.072s, Infer: 0.01ms, Total: 0.37s)
2026-10-07 21:17:10 [INFO] tempo.benchmark: Evaluated: [gas-sensor-drift-sub | tsfresh_minimal | select_k_best_anova | random_forest] -> Score: 0.8217 (Fit: 0.075s, Infer: 0.12ms, Total: 0.51s)
2026-10-07 21:17:11 [INFO] tempo.benchmark: Evaluated: [gas-sensor-drift-sub | tsfresh_minimal | select_k_best_anova | logistic_regression] -> Score: 0.7783 (Fit: 0.011s, Infer: 0.01ms, Total: 0.12s)
2026-10-07 21:17:13 [INFO] tempo.benchmark: Evaluated: [gas-sensor-drift-sub | tsfresh_minimal | mutual_info | random_forest] -> Score: 0.7933 (Fit: 0.075s, Infer: 0.14ms, Total: 2.07s)
2026-10-07 21:17:15 [INFO] tempo.benchmark: Evaluated: [gas-sensor-drift-sub | tsfresh_minimal | mutual_info | logistic_regression] -> Score: 0.7467 (Fit: 0.009s, Infer: 0.01ms, Total: 1.65s)
2026-10-07 21:17:32 [INFO] tempo.benchmark: Evaluated: [gas-sensor-drift-sub | tsfresh_minimal | fdr | random_forest] -> Score: 0.8683 (Fit: 0.085s, Infer: 0.14ms, Total: 16.17s)
2026-10-07 21:17:48 [INFO] tempo.benchmark: Evaluated: [gas-sensor-drift-sub | tsfresh_minimal | fdr | logistic_regression] -> Score: 0.9233 (Fit: 0.032s, Infer: 0.01ms, Total: 16.31s)
2026-10-07 21:17:56 [INFO] tempo.benchmark: Evaluated: [gas-sensor-drift-sub | tsfresh_minimal | boruta | random_forest] -> Score: 0.865 (Fit: 0.077s, Infer: 0.12ms, Total: 7.00s)
2026-10-07 21:18:03 [INFO] tempo.benchmark: Evaluated: [gas-sensor-drift-sub | tsfresh_minimal | boruta | logistic_regression] -> Score: 0.9067 (Fit: 0.021s, Infer: 0.01ms, Total: 6.62s)
2026-10-07 21:18:20 [INFO] tempo.benchmark: Evaluated: [gas-sensor-drift-sub | tsfresh_minimal | subsampled_fdr | random_forest] -> Score: 0.8267 (Fit: 0.091s, Infer: 0.12ms, Total: 16.63s)
2026-10-07 21:18:38 [INFO] tempo.benchmark: Evaluated: [gas-sensor-drift-sub | tsfresh_minimal | subsampled_fdr | logistic_regression] -> Score: 0.8483 (Fit: 0.021s, Infer: 0.01ms, Total: 17.94s)
2026-10-07 21:18:38 [INFO] tempo.benchmark: Cache hit for extractor 'numba_efficient' on dataset 'gas-sensor-drift-sub'
2026-10-07 21:18:39 [INFO] tempo.benchmark: Evaluated: [gas-sensor-drift-sub | numba_efficient | None | random_forest] -> Score: 0.9733 (Fit: 0.093s, Infer: 0.15ms, Total: 0.56s)
2026-10-07 21:18:40 [INFO] tempo.benchmark: Evaluated: [gas-sensor-drift-sub | numba_efficient | None | logistic_regression] -> Score: 0.9683 (Fit: 0.181s, Infer: 0.05ms, Total: 0.94s)
2026-10-07 21:18:41 [INFO] tempo.benchmark: Evaluated: [gas-sensor-drift-sub | numba_efficient | select_k_best_anova | random_forest] -> Score: 0.9417 (Fit: 0.076s, Infer: 0.11ms, Total: 0.55s)
2026-10-07 21:18:42 [INFO] tempo.benchmark: Evaluated: [gas-sensor-drift-sub | numba_efficient | select_k_best_anova | logistic_regression] -> Score: 0.86 (Fit: 0.030s, Infer: 0.01ms, Total: 0.27s)
2026-10-07 21:19:08 [INFO] tempo.benchmark: Evaluated: [gas-sensor-drift-sub | numba_efficient | mutual_info | random_forest] -> Score: 0.9483 (Fit: 0.081s, Infer: 0.12ms, Total: 26.23s)
2026-10-07 21:19:38 [INFO] tempo.benchmark: Evaluated: [gas-sensor-drift-sub | numba_efficient | mutual_info | logistic_regression] -> Score: 0.92 (Fit: 0.013s, Infer: 0.01ms, Total: 29.48s)
2026-10-07 21:20:05 [INFO] tempo.benchmark: Evaluated: [gas-sensor-drift-sub | numba_efficient | fdr | random_forest] -> Score: 0.9783 (Fit: 0.116s, Infer: 0.14ms, Total: 26.44s)
2026-10-07 21:20:31 [INFO] tempo.benchmark: Evaluated: [gas-sensor-drift-sub | numba_efficient | fdr | logistic_regression] -> Score: 0.9667 (Fit: 0.090s, Infer: 0.03ms, Total: 24.80s)
2026-10-07 21:20:42 [INFO] tempo.benchmark: Evaluated: [gas-sensor-drift-sub | numba_efficient | boruta | random_forest] -> Score: 0.9733 (Fit: 0.080s, Infer: 0.12ms, Total: 10.35s)
2026-10-07 21:20:52 [INFO] tempo.benchmark: Evaluated: [gas-sensor-drift-sub | numba_efficient | boruta | logistic_regression] -> Score: 0.965 (Fit: 0.019s, Infer: 0.01ms, Total: 10.15s)
2026-10-07 21:21:18 [INFO] tempo.benchmark: Evaluated: [gas-sensor-drift-sub | numba_efficient | subsampled_fdr | random_forest] -> Score: 0.9767 (Fit: 0.098s, Infer: 0.13ms, Total: 25.68s)
2026-10-07 21:21:41 [INFO] tempo.benchmark: Evaluated: [gas-sensor-drift-sub | numba_efficient | subsampled_fdr | logistic_regression] -> Score: 0.965 (Fit: 0.046s, Infer: 0.02ms, Total: 22.38s)
2026-10-07 21:21:41 [INFO] tempo.benchmark: Cache hit for extractor 'polars_statistics' on dataset 'gas-sensor-drift-sub'
2026-10-07 21:21:42 [INFO] tempo.benchmark: Evaluated: [gas-sensor-drift-sub | polars_statistics | None | random_forest] -> Score: 0.8783 (Fit: 0.084s, Infer: 0.12ms, Total: 0.50s)
2026-10-07 21:21:42 [INFO] tempo.benchmark: Evaluated: [gas-sensor-drift-sub | polars_statistics | None | logistic_regression] -> Score: 0.9067 (Fit: 0.022s, Infer: 0.01ms, Total: 0.11s)
2026-10-07 21:21:43 [INFO] tempo.benchmark: Evaluated: [gas-sensor-drift-sub | polars_statistics | select_k_best_anova | random_forest] -> Score: 0.855 (Fit: 0.078s, Infer: 0.12ms, Total: 0.53s)
2026-10-07 21:21:43 [INFO] tempo.benchmark: Evaluated: [gas-sensor-drift-sub | polars_statistics | select_k_best_anova | logistic_regression] -> Score: 0.8067 (Fit: 0.011s, Infer: 0.01ms, Total: 0.13s)
2026-10-07 21:21:45 [INFO] tempo.benchmark: Evaluated: [gas-sensor-drift-sub | polars_statistics | mutual_info | random_forest] -> Score: 0.835 (Fit: 0.078s, Infer: 0.14ms, Total: 1.35s)
2026-10-07 21:21:47 [INFO] tempo.benchmark: Evaluated: [gas-sensor-drift-sub | polars_statistics | mutual_info | logistic_regression] -> Score: 0.775 (Fit: 0.010s, Infer: 0.01ms, Total: 1.06s)
2026-10-07 21:22:12 [INFO] tempo.benchmark: Evaluated: [gas-sensor-drift-sub | polars_statistics | fdr | random_forest] -> Score: 0.8733 (Fit: 0.135s, Infer: 0.15ms, Total: 24.93s)
2026-10-07 21:22:32 [INFO] tempo.benchmark: Evaluated: [gas-sensor-drift-sub | polars_statistics | fdr | logistic_regression] -> Score: 0.9067 (Fit: 0.024s, Infer: 0.01ms, Total: 19.42s)
2026-10-07 21:22:41 [INFO] tempo.benchmark: Evaluated: [gas-sensor-drift-sub | polars_statistics | boruta | random_forest] -> Score: 0.8683 (Fit: 0.092s, Infer: 0.12ms, Total: 8.97s)
2026-10-07 21:22:50 [INFO] tempo.benchmark: Evaluated: [gas-sensor-drift-sub | polars_statistics | boruta | logistic_regression] -> Score: 0.9 (Fit: 0.036s, Infer: 0.01ms, Total: 8.41s)
2026-10-07 21:23:02 [WARNING] tempo.benchmark: No features survived selector 'subsampled_fdr'; fallback triggered, retaining full feature space to avoid model fit failure.
2026-10-07 21:23:10 [INFO] tempo.benchmark: Evaluated: [gas-sensor-drift-sub | polars_statistics | subsampled_fdr | random_forest] -> Score: 0.85 (Fit: 0.096s, Infer: 0.12ms, Total: 18.86s)
2026-10-07 21:23:23 [WARNING] tempo.benchmark: No features survived selector 'subsampled_fdr'; fallback triggered, retaining full feature space to avoid model fit failure.
2026-10-07 21:23:33 [INFO] tempo.benchmark: Evaluated: [gas-sensor-drift-sub | polars_statistics | subsampled_fdr | logistic_regression] -> Score: 0.8067 (Fit: 0.017s, Infer: 0.01ms, Total: 22.87s)
2026-10-07 21:23:33 [INFO] tempo.benchmark: Cache hit for extractor 'numpy_statistical' on dataset 'gas-sensor-drift-sub'
2026-10-07 21:23:33 [INFO] tempo.benchmark: Evaluated: [gas-sensor-drift-sub | numpy_statistical | None | random_forest] -> Score: 0.8783 (Fit: 0.097s, Infer: 0.16ms, Total: 0.58s)
2026-10-07 21:23:34 [INFO] tempo.benchmark: Evaluated: [gas-sensor-drift-sub | numpy_statistical | None | logistic_regression] -> Score: 0.9067 (Fit: 0.025s, Infer: 0.01ms, Total: 0.13s)
2026-10-07 21:23:35 [INFO] tempo.benchmark: Evaluated: [gas-sensor-drift-sub | numpy_statistical | select_k_best_anova | random_forest] -> Score: 0.855 (Fit: 0.082s, Infer: 0.12ms, Total: 0.56s)
2026-10-07 21:23:36 [INFO] tempo.benchmark: Evaluated: [gas-sensor-drift-sub | numpy_statistical | select_k_best_anova | logistic_regression] -> Score: 0.8067 (Fit: 0.011s, Infer: 0.01ms, Total: 0.13s)
2026-10-07 21:23:37 [INFO] tempo.benchmark: Evaluated: [gas-sensor-drift-sub | numpy_statistical | mutual_info | random_forest] -> Score: 0.835 (Fit: 0.079s, Infer: 0.12ms, Total: 1.42s)
2026-10-07 21:23:39 [INFO] tempo.benchmark: Evaluated: [gas-sensor-drift-sub | numpy_statistical | mutual_info | logistic_regression] -> Score: 0.7733 (Fit: 0.011s, Infer: 0.01ms, Total: 1.15s)
2026-10-07 21:23:59 [INFO] tempo.benchmark: Evaluated: [gas-sensor-drift-sub | numpy_statistical | fdr | random_forest] -> Score: 0.8733 (Fit: 0.094s, Infer: 0.14ms, Total: 19.56s)
2026-10-07 21:24:18 [INFO] tempo.benchmark: Evaluated: [gas-sensor-drift-sub | numpy_statistical | fdr | logistic_regression] -> Score: 0.9067 (Fit: 0.025s, Infer: 0.01ms, Total: 18.57s)
2026-10-07 21:24:26 [INFO] tempo.benchmark: Evaluated: [gas-sensor-drift-sub | numpy_statistical | boruta | random_forest] -> Score: 0.8683 (Fit: 0.085s, Infer: 0.12ms, Total: 7.72s)
2026-10-07 21:24:34 [INFO] tempo.benchmark: Evaluated: [gas-sensor-drift-sub | numpy_statistical | boruta | logistic_regression] -> Score: 0.9017 (Fit: 0.021s, Infer: 0.01ms, Total: 7.13s)
2026-10-07 21:24:45 [WARNING] tempo.benchmark: No features survived selector 'subsampled_fdr'; fallback triggered, retaining full feature space to avoid model fit failure.
2026-10-07 21:24:53 [INFO] tempo.benchmark: Evaluated: [gas-sensor-drift-sub | numpy_statistical | subsampled_fdr | random_forest] -> Score: 0.85 (Fit: 0.089s, Infer: 0.12ms, Total: 19.02s)
2026-10-07 21:25:05 [WARNING] tempo.benchmark: No features survived selector 'subsampled_fdr'; fallback triggered, retaining full feature space to avoid model fit failure.
2026-10-07 21:25:12 [INFO] tempo.benchmark: Evaluated: [gas-sensor-drift-sub | numpy_statistical | subsampled_fdr | logistic_regression] -> Score: 0.8067 (Fit: 0.020s, Infer: 0.01ms, Total: 18.62s)
2026-10-07 21:25:12 [INFO] tempo.benchmark: Cache hit for extractor 'tsfresh_minimal' on dataset 'gas-sensor-drift-sub'
2026-10-07 21:25:13 [INFO] tempo.benchmark: Evaluated: [gas-sensor-drift-sub | tsfresh_minimal | None | random_forest] -> Score: 0.8767 (Fit: 0.084s, Infer: 0.12ms, Total: 0.49s)
2026-10-07 21:25:13 [INFO] tempo.benchmark: Evaluated: [gas-sensor-drift-sub | tsfresh_minimal | None | logistic_regression] -> Score: 0.92 (Fit: 0.073s, Infer: 0.01ms, Total: 0.37s)
2026-10-07 21:25:14 [INFO] tempo.benchmark: Evaluated: [gas-sensor-drift-sub | tsfresh_minimal | select_k_best_anova | random_forest] -> Score: 0.8533 (Fit: 0.084s, Infer: 0.12ms, Total: 0.57s)
2026-10-07 21:25:15 [INFO] tempo.benchmark: Evaluated: [gas-sensor-drift-sub | tsfresh_minimal | select_k_best_anova | logistic_regression] -> Score: 0.78 (Fit: 0.011s, Infer: 0.01ms, Total: 0.15s)
2026-10-07 21:25:18 [INFO] tempo.benchmark: Evaluated: [gas-sensor-drift-sub | tsfresh_minimal | mutual_info | random_forest] -> Score: 0.805 (Fit: 0.088s, Infer: 0.12ms, Total: 2.49s)
2026-10-07 21:25:20 [INFO] tempo.benchmark: Evaluated: [gas-sensor-drift-sub | tsfresh_minimal | mutual_info | logistic_regression] -> Score: 0.745 (Fit: 0.010s, Infer: 0.01ms, Total: 1.88s)
2026-10-07 21:25:41 [INFO] tempo.benchmark: Evaluated: [gas-sensor-drift-sub | tsfresh_minimal | fdr | random_forest] -> Score: 0.88 (Fit: 0.091s, Infer: 0.12ms, Total: 19.84s)
2026-10-07 21:25:58 [INFO] tempo.benchmark: Evaluated: [gas-sensor-drift-sub | tsfresh_minimal | fdr | logistic_regression] -> Score: 0.92 (Fit: 0.034s, Infer: 0.01ms, Total: 17.16s)
2026-10-07 21:26:06 [INFO] tempo.benchmark: Evaluated: [gas-sensor-drift-sub | tsfresh_minimal | boruta | random_forest] -> Score: 0.885 (Fit: 0.081s, Infer: 0.12ms, Total: 7.46s)
2026-10-07 21:26:14 [INFO] tempo.benchmark: Evaluated: [gas-sensor-drift-sub | tsfresh_minimal | boruta | logistic_regression] -> Score: 0.915 (Fit: 0.024s, Infer: 0.01ms, Total: 7.31s)
2026-10-07 21:26:28 [WARNING] tempo.benchmark: No features survived selector 'subsampled_fdr'; fallback triggered, retaining full feature space to avoid model fit failure.
2026-10-07 21:26:37 [INFO] tempo.benchmark: Evaluated: [gas-sensor-drift-sub | tsfresh_minimal | subsampled_fdr | random_forest] -> Score: 0.86 (Fit: 0.122s, Infer: 0.17ms, Total: 22.56s)
2026-10-07 21:26:48 [WARNING] tempo.benchmark: No features survived selector 'subsampled_fdr'; fallback triggered, retaining full feature space to avoid model fit failure.
2026-10-07 21:26:55 [INFO] tempo.benchmark: Evaluated: [gas-sensor-drift-sub | tsfresh_minimal | subsampled_fdr | logistic_regression] -> Score: 0.83 (Fit: 0.032s, Infer: 0.01ms, Total: 17.52s)
2026-10-07 21:26:55 [INFO] tempo.benchmark: Saved benchmark telemetry to: benchmark_results/TM26a12__gas_drift_unified_matrix/benchmark_results_20261007_212655.csv and benchmark_results/TM26a12__gas_drift_unified_matrix/benchmark_results.csv
