2026-10-07 01:07:46 [INFO] tempo.benchmark: TEMPO Benchmark Runner initialised. Task: classification
2026-10-07 01:07:47 [INFO] tempo.benchmark: Recorded runtime environment metadata to benchmark_results/TM269Ga__ai4i_running_benchmark/classification/environment.json
2026-10-07 01:07:47 [INFO] tempo.benchmark: Loading dataset: pred-maintenance-w100-cls
2026-10-07 01:07:47 [INFO] tempo.benchmark: Cache hit for extractor 'numba_efficient' on dataset 'pred-maintenance-w100-cls'
2026-10-07 01:07:47 [INFO] tempo.benchmark: Evaluated: [pred-maintenance-w100-cls | numba_efficient | None | random_forest] -> Score: 0.9497 (Fit: 0.075s, Infer: 0.44ms, Total: 0.46s)
2026-10-07 01:07:47 [INFO] tempo.benchmark: Evaluated: [pred-maintenance-w100-cls | numba_efficient | None | logistic_regression] -> Score: 0.9497 (Fit: 0.022s, Infer: 0.07ms, Total: 0.12s)
2026-10-07 01:07:48 [INFO] tempo.benchmark: Evaluated: [pred-maintenance-w100-cls | numba_efficient | select_k_best_anova | random_forest] -> Score: 0.9497 (Fit: 0.067s, Infer: 0.41ms, Total: 0.50s)
2026-10-07 01:07:49 [INFO] tempo.benchmark: Evaluated: [pred-maintenance-w100-cls | numba_efficient | select_k_best_anova | logistic_regression] -> Score: 0.9496 (Fit: 0.006s, Infer: 0.02ms, Total: 0.12s)
2026-10-07 01:07:53 [INFO] tempo.benchmark: Evaluated: [pred-maintenance-w100-cls | numba_efficient | mutual_info | random_forest] -> Score: 0.9497 (Fit: 0.065s, Infer: 0.43ms, Total: 3.63s)
2026-10-07 01:07:57 [INFO] tempo.benchmark: Evaluated: [pred-maintenance-w100-cls | numba_efficient | mutual_info | logistic_regression] -> Score: 0.9345 (Fit: 0.005s, Infer: 0.02ms, Total: 3.13s)
2026-10-07 01:08:01 [WARNING] tempo.benchmark: No features survived selector 'fdr'; fallback triggered, retaining full feature space to avoid model fit failure.
2026-10-07 01:08:04 [WARNING] tempo.benchmark: No features survived selector 'fdr'; fallback triggered, retaining full feature space to avoid model fit failure.
2026-10-07 01:08:08 [WARNING] tempo.benchmark: No features survived selector 'fdr'; fallback triggered, retaining full feature space to avoid model fit failure.
2026-10-07 01:08:11 [WARNING] tempo.benchmark: No features survived selector 'fdr'; fallback triggered, retaining full feature space to avoid model fit failure.
2026-10-07 01:08:15 [WARNING] tempo.benchmark: No features survived selector 'fdr'; fallback triggered, retaining full feature space to avoid model fit failure.
2026-10-07 01:08:15 [WARNING] tempo.benchmark: Zero features survived selector 'fdr' across all folds; setting Jaccard stability to 0.0.
2026-10-07 01:08:15 [INFO] tempo.benchmark: Evaluated: [pred-maintenance-w100-cls | numba_efficient | fdr | random_forest] -> Score: 0.9497 (Fit: 0.077s, Infer: 0.42ms, Total: 17.81s)
2026-10-07 01:08:18 [WARNING] tempo.benchmark: No features survived selector 'fdr'; fallback triggered, retaining full feature space to avoid model fit failure.
2026-10-07 01:08:22 [WARNING] tempo.benchmark: No features survived selector 'fdr'; fallback triggered, retaining full feature space to avoid model fit failure.
2026-10-07 01:08:25 [WARNING] tempo.benchmark: No features survived selector 'fdr'; fallback triggered, retaining full feature space to avoid model fit failure.
2026-10-07 01:08:29 [WARNING] tempo.benchmark: No features survived selector 'fdr'; fallback triggered, retaining full feature space to avoid model fit failure.
2026-10-07 01:08:32 [WARNING] tempo.benchmark: No features survived selector 'fdr'; fallback triggered, retaining full feature space to avoid model fit failure.
2026-10-07 01:08:32 [WARNING] tempo.benchmark: Zero features survived selector 'fdr' across all folds; setting Jaccard stability to 0.0.
2026-10-07 01:08:32 [INFO] tempo.benchmark: Evaluated: [pred-maintenance-w100-cls | numba_efficient | fdr | logistic_regression] -> Score: 0.9497 (Fit: 0.023s, Infer: 0.07ms, Total: 16.57s)
2026-10-07 01:08:33 [WARNING] tempo.benchmark: No features survived selector 'boruta'; fallback triggered, retaining full feature space to avoid model fit failure.
2026-10-07 01:08:35 [WARNING] tempo.benchmark: No features survived selector 'boruta'; fallback triggered, retaining full feature space to avoid model fit failure.
2026-10-07 01:08:36 [WARNING] tempo.benchmark: No features survived selector 'boruta'; fallback triggered, retaining full feature space to avoid model fit failure.
2026-10-07 01:08:37 [WARNING] tempo.benchmark: No features survived selector 'boruta'; fallback triggered, retaining full feature space to avoid model fit failure.
2026-10-07 01:08:39 [WARNING] tempo.benchmark: No features survived selector 'boruta'; fallback triggered, retaining full feature space to avoid model fit failure.
2026-10-07 01:08:39 [WARNING] tempo.benchmark: Zero features survived selector 'boruta' across all folds; setting Jaccard stability to 0.0.
2026-10-07 01:08:39 [INFO] tempo.benchmark: Evaluated: [pred-maintenance-w100-cls | numba_efficient | boruta | random_forest] -> Score: 0.9497 (Fit: 0.074s, Infer: 0.44ms, Total: 6.56s)
2026-10-07 01:08:40 [WARNING] tempo.benchmark: No features survived selector 'boruta'; fallback triggered, retaining full feature space to avoid model fit failure.
2026-10-07 01:08:41 [WARNING] tempo.benchmark: No features survived selector 'boruta'; fallback triggered, retaining full feature space to avoid model fit failure.
2026-10-07 01:08:43 [WARNING] tempo.benchmark: No features survived selector 'boruta'; fallback triggered, retaining full feature space to avoid model fit failure.
2026-10-07 01:08:44 [WARNING] tempo.benchmark: No features survived selector 'boruta'; fallback triggered, retaining full feature space to avoid model fit failure.
2026-10-07 01:08:45 [WARNING] tempo.benchmark: No features survived selector 'boruta'; fallback triggered, retaining full feature space to avoid model fit failure.
2026-10-07 01:08:45 [WARNING] tempo.benchmark: Zero features survived selector 'boruta' across all folds; setting Jaccard stability to 0.0.
2026-10-07 01:08:45 [INFO] tempo.benchmark: Evaluated: [pred-maintenance-w100-cls | numba_efficient | boruta | logistic_regression] -> Score: 0.9497 (Fit: 0.022s, Infer: 0.06ms, Total: 6.15s)
2026-10-07 01:08:49 [WARNING] tempo.benchmark: No features survived selector 'subsampled_fdr'; fallback triggered, retaining full feature space to avoid model fit failure.
2026-10-07 01:08:53 [WARNING] tempo.benchmark: No features survived selector 'subsampled_fdr'; fallback triggered, retaining full feature space to avoid model fit failure.
2026-10-07 01:08:56 [WARNING] tempo.benchmark: No features survived selector 'subsampled_fdr'; fallback triggered, retaining full feature space to avoid model fit failure.
2026-10-07 01:08:59 [WARNING] tempo.benchmark: No features survived selector 'subsampled_fdr'; fallback triggered, retaining full feature space to avoid model fit failure.
2026-10-07 01:09:03 [WARNING] tempo.benchmark: No features survived selector 'subsampled_fdr'; fallback triggered, retaining full feature space to avoid model fit failure.
2026-10-07 01:09:03 [WARNING] tempo.benchmark: Zero features survived selector 'subsampled_fdr' across all folds; setting Jaccard stability to 0.0.
2026-10-07 01:09:03 [INFO] tempo.benchmark: Evaluated: [pred-maintenance-w100-cls | numba_efficient | subsampled_fdr | random_forest] -> Score: 0.9497 (Fit: 0.076s, Infer: 0.45ms, Total: 17.02s)
2026-10-07 01:09:06 [WARNING] tempo.benchmark: No features survived selector 'subsampled_fdr'; fallback triggered, retaining full feature space to avoid model fit failure.
2026-10-07 01:09:10 [WARNING] tempo.benchmark: No features survived selector 'subsampled_fdr'; fallback triggered, retaining full feature space to avoid model fit failure.
2026-10-07 01:09:13 [WARNING] tempo.benchmark: No features survived selector 'subsampled_fdr'; fallback triggered, retaining full feature space to avoid model fit failure.
2026-10-07 01:09:17 [WARNING] tempo.benchmark: No features survived selector 'subsampled_fdr'; fallback triggered, retaining full feature space to avoid model fit failure.
2026-10-07 01:09:20 [WARNING] tempo.benchmark: No features survived selector 'subsampled_fdr'; fallback triggered, retaining full feature space to avoid model fit failure.
2026-10-07 01:09:20 [WARNING] tempo.benchmark: Zero features survived selector 'subsampled_fdr' across all folds; setting Jaccard stability to 0.0.
2026-10-07 01:09:20 [INFO] tempo.benchmark: Evaluated: [pred-maintenance-w100-cls | numba_efficient | subsampled_fdr | logistic_regression] -> Score: 0.9497 (Fit: 0.023s, Infer: 0.06ms, Total: 16.50s)
2026-10-07 01:09:20 [INFO] tempo.benchmark: Cache hit for extractor 'polars_statistics' on dataset 'pred-maintenance-w100-cls'
2026-10-07 01:09:20 [INFO] tempo.benchmark: Evaluated: [pred-maintenance-w100-cls | polars_statistics | None | random_forest] -> Score: 0.9497 (Fit: 0.072s, Infer: 0.43ms, Total: 0.44s)
2026-10-07 01:09:21 [INFO] tempo.benchmark: Evaluated: [pred-maintenance-w100-cls | polars_statistics | None | logistic_regression] -> Score: 0.9447 (Fit: 0.011s, Infer: 0.02ms, Total: 0.06s)
2026-10-07 01:09:22 [INFO] tempo.benchmark: Evaluated: [pred-maintenance-w100-cls | polars_statistics | select_k_best_anova | random_forest] -> Score: 0.9497 (Fit: 0.069s, Infer: 0.39ms, Total: 0.50s)
2026-10-07 01:09:22 [INFO] tempo.benchmark: Evaluated: [pred-maintenance-w100-cls | polars_statistics | select_k_best_anova | logistic_regression] -> Score: 0.9447 (Fit: 0.010s, Infer: 0.02ms, Total: 0.12s)
2026-10-07 01:09:23 [INFO] tempo.benchmark: Evaluated: [pred-maintenance-w100-cls | polars_statistics | mutual_info | random_forest] -> Score: 0.9447 (Fit: 0.067s, Infer: 0.40ms, Total: 0.58s)
2026-10-07 01:09:24 [INFO] tempo.benchmark: Evaluated: [pred-maintenance-w100-cls | polars_statistics | mutual_info | logistic_regression] -> Score: 0.9497 (Fit: 0.011s, Infer: 0.02ms, Total: 0.22s)
2026-10-07 01:09:40 [INFO] tempo.benchmark: Evaluated: [pred-maintenance-w100-cls | polars_statistics | fdr | random_forest] -> Score: 0.9397 (Fit: 0.070s, Infer: 0.43ms, Total: 15.55s)
2026-10-07 01:09:55 [INFO] tempo.benchmark: Evaluated: [pred-maintenance-w100-cls | polars_statistics | fdr | logistic_regression] -> Score: 0.9497 (Fit: 0.003s, Infer: 0.02ms, Total: 15.08s)
2026-10-07 01:10:02 [INFO] tempo.benchmark: Evaluated: [pred-maintenance-w100-cls | polars_statistics | boruta | random_forest] -> Score: 0.9397 (Fit: 0.067s, Infer: 0.39ms, Total: 6.34s)
2026-10-07 01:10:09 [INFO] tempo.benchmark: Evaluated: [pred-maintenance-w100-cls | polars_statistics | boruta | logistic_regression] -> Score: 0.9497 (Fit: 0.003s, Infer: 0.02ms, Total: 5.89s)
2026-10-07 01:10:12 [WARNING] tempo.benchmark: No features survived selector 'subsampled_fdr'; fallback triggered, retaining full feature space to avoid model fit failure.
2026-10-07 01:10:15 [WARNING] tempo.benchmark: No features survived selector 'subsampled_fdr'; fallback triggered, retaining full feature space to avoid model fit failure.
2026-10-07 01:10:18 [WARNING] tempo.benchmark: No features survived selector 'subsampled_fdr'; fallback triggered, retaining full feature space to avoid model fit failure.
2026-10-07 01:10:22 [WARNING] tempo.benchmark: No features survived selector 'subsampled_fdr'; fallback triggered, retaining full feature space to avoid model fit failure.
2026-10-07 01:10:25 [WARNING] tempo.benchmark: No features survived selector 'subsampled_fdr'; fallback triggered, retaining full feature space to avoid model fit failure.
2026-10-07 01:10:25 [WARNING] tempo.benchmark: Zero features survived selector 'subsampled_fdr' across all folds; setting Jaccard stability to 0.0.
2026-10-07 01:10:25 [INFO] tempo.benchmark: Evaluated: [pred-maintenance-w100-cls | polars_statistics | subsampled_fdr | random_forest] -> Score: 0.9497 (Fit: 0.068s, Infer: 0.42ms, Total: 15.91s)
2026-10-07 01:10:28 [WARNING] tempo.benchmark: No features survived selector 'subsampled_fdr'; fallback triggered, retaining full feature space to avoid model fit failure.
2026-10-07 01:10:31 [WARNING] tempo.benchmark: No features survived selector 'subsampled_fdr'; fallback triggered, retaining full feature space to avoid model fit failure.
2026-10-07 01:10:34 [WARNING] tempo.benchmark: No features survived selector 'subsampled_fdr'; fallback triggered, retaining full feature space to avoid model fit failure.
2026-10-07 01:10:37 [WARNING] tempo.benchmark: No features survived selector 'subsampled_fdr'; fallback triggered, retaining full feature space to avoid model fit failure.
2026-10-07 01:10:40 [WARNING] tempo.benchmark: No features survived selector 'subsampled_fdr'; fallback triggered, retaining full feature space to avoid model fit failure.
2026-10-07 01:10:40 [WARNING] tempo.benchmark: Zero features survived selector 'subsampled_fdr' across all folds; setting Jaccard stability to 0.0.
2026-10-07 01:10:40 [INFO] tempo.benchmark: Evaluated: [pred-maintenance-w100-cls | polars_statistics | subsampled_fdr | logistic_regression] -> Score: 0.9447 (Fit: 0.012s, Infer: 0.02ms, Total: 15.03s)
2026-10-07 01:10:40 [INFO] tempo.benchmark: Cache hit for extractor 'numpy_statistical' on dataset 'pred-maintenance-w100-cls'
2026-10-07 01:10:41 [INFO] tempo.benchmark: Evaluated: [pred-maintenance-w100-cls | numpy_statistical | None | random_forest] -> Score: 0.9497 (Fit: 0.071s, Infer: 0.41ms, Total: 0.43s)
2026-10-07 01:10:41 [INFO] tempo.benchmark: Evaluated: [pred-maintenance-w100-cls | numpy_statistical | None | logistic_regression] -> Score: 0.9447 (Fit: 0.011s, Infer: 0.02ms, Total: 0.06s)
2026-10-07 01:10:42 [INFO] tempo.benchmark: Evaluated: [pred-maintenance-w100-cls | numpy_statistical | select_k_best_anova | random_forest] -> Score: 0.9497 (Fit: 0.067s, Infer: 0.43ms, Total: 0.49s)
2026-10-07 01:10:43 [INFO] tempo.benchmark: Evaluated: [pred-maintenance-w100-cls | numpy_statistical | select_k_best_anova | logistic_regression] -> Score: 0.9447 (Fit: 0.010s, Infer: 0.02ms, Total: 0.13s)
2026-10-07 01:10:44 [INFO] tempo.benchmark: Evaluated: [pred-maintenance-w100-cls | numpy_statistical | mutual_info | random_forest] -> Score: 0.9447 (Fit: 0.069s, Infer: 0.37ms, Total: 0.58s)
2026-10-07 01:10:44 [INFO] tempo.benchmark: Evaluated: [pred-maintenance-w100-cls | numpy_statistical | mutual_info | logistic_regression] -> Score: 0.9497 (Fit: 0.008s, Infer: 0.02ms, Total: 0.21s)
2026-10-07 01:11:01 [INFO] tempo.benchmark: Evaluated: [pred-maintenance-w100-cls | numpy_statistical | fdr | random_forest] -> Score: 0.9397 (Fit: 0.063s, Infer: 0.39ms, Total: 15.83s)
2026-10-07 01:11:16 [INFO] tempo.benchmark: Evaluated: [pred-maintenance-w100-cls | numpy_statistical | fdr | logistic_regression] -> Score: 0.9497 (Fit: 0.003s, Infer: 0.02ms, Total: 15.29s)
2026-10-07 01:11:23 [INFO] tempo.benchmark: Evaluated: [pred-maintenance-w100-cls | numpy_statistical | boruta | random_forest] -> Score: 0.9397 (Fit: 0.068s, Infer: 0.40ms, Total: 6.31s)
2026-10-07 01:11:29 [INFO] tempo.benchmark: Evaluated: [pred-maintenance-w100-cls | numpy_statistical | boruta | logistic_regression] -> Score: 0.9497 (Fit: 0.002s, Infer: 0.01ms, Total: 6.04s)
2026-10-07 01:11:33 [WARNING] tempo.benchmark: No features survived selector 'subsampled_fdr'; fallback triggered, retaining full feature space to avoid model fit failure.
2026-10-07 01:11:36 [WARNING] tempo.benchmark: No features survived selector 'subsampled_fdr'; fallback triggered, retaining full feature space to avoid model fit failure.
2026-10-07 01:11:39 [WARNING] tempo.benchmark: No features survived selector 'subsampled_fdr'; fallback triggered, retaining full feature space to avoid model fit failure.
2026-10-07 01:11:42 [WARNING] tempo.benchmark: No features survived selector 'subsampled_fdr'; fallback triggered, retaining full feature space to avoid model fit failure.
2026-10-07 01:11:45 [WARNING] tempo.benchmark: No features survived selector 'subsampled_fdr'; fallback triggered, retaining full feature space to avoid model fit failure.
2026-10-07 01:11:46 [WARNING] tempo.benchmark: Zero features survived selector 'subsampled_fdr' across all folds; setting Jaccard stability to 0.0.
2026-10-07 01:11:46 [INFO] tempo.benchmark: Evaluated: [pred-maintenance-w100-cls | numpy_statistical | subsampled_fdr | random_forest] -> Score: 0.9497 (Fit: 0.071s, Infer: 0.42ms, Total: 15.59s)
2026-10-07 01:11:49 [WARNING] tempo.benchmark: No features survived selector 'subsampled_fdr'; fallback triggered, retaining full feature space to avoid model fit failure.
2026-10-07 01:11:52 [WARNING] tempo.benchmark: No features survived selector 'subsampled_fdr'; fallback triggered, retaining full feature space to avoid model fit failure.
2026-10-07 01:11:55 [WARNING] tempo.benchmark: No features survived selector 'subsampled_fdr'; fallback triggered, retaining full feature space to avoid model fit failure.
2026-10-07 01:11:58 [WARNING] tempo.benchmark: No features survived selector 'subsampled_fdr'; fallback triggered, retaining full feature space to avoid model fit failure.
2026-10-07 01:12:02 [WARNING] tempo.benchmark: No features survived selector 'subsampled_fdr'; fallback triggered, retaining full feature space to avoid model fit failure.
2026-10-07 01:12:02 [WARNING] tempo.benchmark: Zero features survived selector 'subsampled_fdr' across all folds; setting Jaccard stability to 0.0.
2026-10-07 01:12:02 [INFO] tempo.benchmark: Evaluated: [pred-maintenance-w100-cls | numpy_statistical | subsampled_fdr | logistic_regression] -> Score: 0.9447 (Fit: 0.013s, Infer: 0.02ms, Total: 15.67s)
2026-10-07 01:12:02 [INFO] tempo.benchmark: Cache hit for extractor 'tsfel' on dataset 'pred-maintenance-w100-cls'
2026-10-07 01:12:02 [INFO] tempo.benchmark: Evaluated: [pred-maintenance-w100-cls | tsfel | None | random_forest] -> Score: 0.9497 (Fit: 0.073s, Infer: 0.41ms, Total: 0.45s)
2026-10-07 01:12:02 [INFO] tempo.benchmark: Evaluated: [pred-maintenance-w100-cls | tsfel | None | logistic_regression] -> Score: 0.9296 (Fit: 0.035s, Infer: 0.04ms, Total: 0.18s)
2026-10-07 01:12:03 [INFO] tempo.benchmark: Evaluated: [pred-maintenance-w100-cls | tsfel | select_k_best_anova | random_forest] -> Score: 0.9597 (Fit: 0.070s, Infer: 0.43ms, Total: 0.51s)
2026-10-07 01:12:04 [INFO] tempo.benchmark: Evaluated: [pred-maintenance-w100-cls | tsfel | select_k_best_anova | logistic_regression] -> Score: 0.9547 (Fit: 0.006s, Infer: 0.02ms, Total: 0.10s)
2026-10-07 01:12:06 [INFO] tempo.benchmark: Evaluated: [pred-maintenance-w100-cls | tsfel | mutual_info | random_forest] -> Score: 0.9497 (Fit: 0.071s, Infer: 0.39ms, Total: 1.13s)
2026-10-07 01:12:07 [INFO] tempo.benchmark: Evaluated: [pred-maintenance-w100-cls | tsfel | mutual_info | logistic_regression] -> Score: 0.9497 (Fit: 0.006s, Infer: 0.02ms, Total: 0.73s)
2026-10-07 01:12:10 [WARNING] tempo.benchmark: No features survived selector 'fdr'; fallback triggered, retaining full feature space to avoid model fit failure.
2026-10-07 01:12:13 [WARNING] tempo.benchmark: No features survived selector 'fdr'; fallback triggered, retaining full feature space to avoid model fit failure.
2026-10-07 01:12:16 [WARNING] tempo.benchmark: No features survived selector 'fdr'; fallback triggered, retaining full feature space to avoid model fit failure.
2026-10-07 01:12:20 [WARNING] tempo.benchmark: No features survived selector 'fdr'; fallback triggered, retaining full feature space to avoid model fit failure.
2026-10-07 01:12:23 [INFO] tempo.benchmark: Evaluated: [pred-maintenance-w100-cls | tsfel | fdr | random_forest] -> Score: 0.9446 (Fit: 0.068s, Infer: 0.44ms, Total: 15.84s)
2026-10-07 01:12:26 [WARNING] tempo.benchmark: No features survived selector 'fdr'; fallback triggered, retaining full feature space to avoid model fit failure.
2026-10-07 01:12:29 [WARNING] tempo.benchmark: No features survived selector 'fdr'; fallback triggered, retaining full feature space to avoid model fit failure.
2026-10-07 01:12:32 [WARNING] tempo.benchmark: No features survived selector 'fdr'; fallback triggered, retaining full feature space to avoid model fit failure.
2026-10-07 01:12:36 [WARNING] tempo.benchmark: No features survived selector 'fdr'; fallback triggered, retaining full feature space to avoid model fit failure.
2026-10-07 01:12:39 [INFO] tempo.benchmark: Evaluated: [pred-maintenance-w100-cls | tsfel | fdr | logistic_regression] -> Score: 0.9347 (Fit: 0.025s, Infer: 0.03ms, Total: 15.45s)
2026-10-07 01:12:40 [WARNING] tempo.benchmark: No features survived selector 'boruta'; fallback triggered, retaining full feature space to avoid model fit failure.
2026-10-07 01:12:41 [WARNING] tempo.benchmark: No features survived selector 'boruta'; fallback triggered, retaining full feature space to avoid model fit failure.
2026-10-07 01:12:43 [WARNING] tempo.benchmark: No features survived selector 'boruta'; fallback triggered, retaining full feature space to avoid model fit failure.
2026-10-07 01:12:44 [WARNING] tempo.benchmark: No features survived selector 'boruta'; fallback triggered, retaining full feature space to avoid model fit failure.
2026-10-07 01:12:45 [WARNING] tempo.benchmark: No features survived selector 'boruta'; fallback triggered, retaining full feature space to avoid model fit failure.
2026-10-07 01:12:46 [WARNING] tempo.benchmark: Zero features survived selector 'boruta' across all folds; setting Jaccard stability to 0.0.
2026-10-07 01:12:46 [INFO] tempo.benchmark: Evaluated: [pred-maintenance-w100-cls | tsfel | boruta | random_forest] -> Score: 0.9497 (Fit: 0.073s, Infer: 0.44ms, Total: 6.44s)
2026-10-07 01:12:47 [WARNING] tempo.benchmark: No features survived selector 'boruta'; fallback triggered, retaining full feature space to avoid model fit failure.
2026-10-07 01:12:48 [WARNING] tempo.benchmark: No features survived selector 'boruta'; fallback triggered, retaining full feature space to avoid model fit failure.
2026-10-07 01:12:49 [WARNING] tempo.benchmark: No features survived selector 'boruta'; fallback triggered, retaining full feature space to avoid model fit failure.
2026-10-07 01:12:51 [WARNING] tempo.benchmark: No features survived selector 'boruta'; fallback triggered, retaining full feature space to avoid model fit failure.
2026-10-07 01:12:52 [WARNING] tempo.benchmark: No features survived selector 'boruta'; fallback triggered, retaining full feature space to avoid model fit failure.
2026-10-07 01:12:52 [WARNING] tempo.benchmark: Zero features survived selector 'boruta' across all folds; setting Jaccard stability to 0.0.
2026-10-07 01:12:52 [INFO] tempo.benchmark: Evaluated: [pred-maintenance-w100-cls | tsfel | boruta | logistic_regression] -> Score: 0.9296 (Fit: 0.027s, Infer: 0.03ms, Total: 6.08s)
2026-10-07 01:12:55 [WARNING] tempo.benchmark: No features survived selector 'subsampled_fdr'; fallback triggered, retaining full feature space to avoid model fit failure.
2026-10-07 01:12:59 [WARNING] tempo.benchmark: No features survived selector 'subsampled_fdr'; fallback triggered, retaining full feature space to avoid model fit failure.
2026-10-07 01:13:02 [WARNING] tempo.benchmark: No features survived selector 'subsampled_fdr'; fallback triggered, retaining full feature space to avoid model fit failure.
2026-10-07 01:13:05 [WARNING] tempo.benchmark: No features survived selector 'subsampled_fdr'; fallback triggered, retaining full feature space to avoid model fit failure.
2026-10-07 01:13:09 [WARNING] tempo.benchmark: No features survived selector 'subsampled_fdr'; fallback triggered, retaining full feature space to avoid model fit failure.
2026-10-07 01:13:09 [WARNING] tempo.benchmark: Zero features survived selector 'subsampled_fdr' across all folds; setting Jaccard stability to 0.0.
2026-10-07 01:13:09 [INFO] tempo.benchmark: Evaluated: [pred-maintenance-w100-cls | tsfel | subsampled_fdr | random_forest] -> Score: 0.9497 (Fit: 0.068s, Infer: 0.43ms, Total: 16.21s)
2026-10-07 01:13:12 [WARNING] tempo.benchmark: No features survived selector 'subsampled_fdr'; fallback triggered, retaining full feature space to avoid model fit failure.
2026-10-07 01:13:15 [WARNING] tempo.benchmark: No features survived selector 'subsampled_fdr'; fallback triggered, retaining full feature space to avoid model fit failure.
2026-10-07 01:13:18 [WARNING] tempo.benchmark: No features survived selector 'subsampled_fdr'; fallback triggered, retaining full feature space to avoid model fit failure.
2026-10-07 01:13:21 [WARNING] tempo.benchmark: No features survived selector 'subsampled_fdr'; fallback triggered, retaining full feature space to avoid model fit failure.
2026-10-07 01:13:25 [WARNING] tempo.benchmark: No features survived selector 'subsampled_fdr'; fallback triggered, retaining full feature space to avoid model fit failure.
2026-10-07 01:13:25 [WARNING] tempo.benchmark: Zero features survived selector 'subsampled_fdr' across all folds; setting Jaccard stability to 0.0.
2026-10-07 01:13:25 [INFO] tempo.benchmark: Evaluated: [pred-maintenance-w100-cls | tsfel | subsampled_fdr | logistic_regression] -> Score: 0.9296 (Fit: 0.028s, Infer: 0.03ms, Total: 15.55s)
2026-10-07 01:13:25 [INFO] tempo.benchmark: Cache hit for extractor 'tsfresh_minimal' on dataset 'pred-maintenance-w100-cls'
2026-10-07 01:13:25 [INFO] tempo.benchmark: Evaluated: [pred-maintenance-w100-cls | tsfresh_minimal | None | random_forest] -> Score: 0.9497 (Fit: 0.073s, Infer: 0.42ms, Total: 0.45s)
2026-10-07 01:13:25 [INFO] tempo.benchmark: Evaluated: [pred-maintenance-w100-cls | tsfresh_minimal | None | logistic_regression] -> Score: 0.9296 (Fit: 0.017s, Infer: 0.02ms, Total: 0.09s)
2026-10-07 01:13:26 [INFO] tempo.benchmark: Evaluated: [pred-maintenance-w100-cls | tsfresh_minimal | select_k_best_anova | random_forest] -> Score: 0.9497 (Fit: 0.073s, Infer: 0.41ms, Total: 0.51s)
2026-10-07 01:13:27 [INFO] tempo.benchmark: Evaluated: [pred-maintenance-w100-cls | tsfresh_minimal | select_k_best_anova | logistic_regression] -> Score: 0.9397 (Fit: 0.021s, Infer: 0.02ms, Total: 0.18s)
2026-10-07 01:13:28 [INFO] tempo.benchmark: Evaluated: [pred-maintenance-w100-cls | tsfresh_minimal | mutual_info | random_forest] -> Score: 0.9497 (Fit: 0.066s, Infer: 0.38ms, Total: 0.66s)
2026-10-07 01:13:29 [INFO] tempo.benchmark: Evaluated: [pred-maintenance-w100-cls | tsfresh_minimal | mutual_info | logistic_regression] -> Score: 0.9497 (Fit: 0.008s, Infer: 0.02ms, Total: 0.30s)
2026-10-07 01:13:45 [INFO] tempo.benchmark: Evaluated: [pred-maintenance-w100-cls | tsfresh_minimal | fdr | random_forest] -> Score: 0.9397 (Fit: 0.067s, Infer: 0.41ms, Total: 15.54s)
2026-10-07 01:14:00 [INFO] tempo.benchmark: Evaluated: [pred-maintenance-w100-cls | tsfresh_minimal | fdr | logistic_regression] -> Score: 0.9547 (Fit: 0.003s, Infer: 0.01ms, Total: 15.18s)
2026-10-07 01:14:02 [WARNING] tempo.benchmark: No features survived selector 'boruta'; fallback triggered, retaining full feature space to avoid model fit failure.
2026-10-07 01:14:07 [INFO] tempo.benchmark: Evaluated: [pred-maintenance-w100-cls | tsfresh_minimal | boruta | random_forest] -> Score: 0.9447 (Fit: 0.068s, Infer: 0.42ms, Total: 6.41s)
2026-10-07 01:14:08 [WARNING] tempo.benchmark: No features survived selector 'boruta'; fallback triggered, retaining full feature space to avoid model fit failure.
2026-10-07 01:14:13 [INFO] tempo.benchmark: Evaluated: [pred-maintenance-w100-cls | tsfresh_minimal | boruta | logistic_regression] -> Score: 0.9597 (Fit: 0.005s, Infer: 0.01ms, Total: 5.99s)
2026-10-07 01:14:17 [WARNING] tempo.benchmark: No features survived selector 'subsampled_fdr'; fallback triggered, retaining full feature space to avoid model fit failure.
2026-10-07 01:14:20 [WARNING] tempo.benchmark: No features survived selector 'subsampled_fdr'; fallback triggered, retaining full feature space to avoid model fit failure.
2026-10-07 01:14:23 [WARNING] tempo.benchmark: No features survived selector 'subsampled_fdr'; fallback triggered, retaining full feature space to avoid model fit failure.
2026-10-07 01:14:26 [WARNING] tempo.benchmark: No features survived selector 'subsampled_fdr'; fallback triggered, retaining full feature space to avoid model fit failure.
2026-10-07 01:14:30 [WARNING] tempo.benchmark: No features survived selector 'subsampled_fdr'; fallback triggered, retaining full feature space to avoid model fit failure.
2026-10-07 01:14:30 [WARNING] tempo.benchmark: Zero features survived selector 'subsampled_fdr' across all folds; setting Jaccard stability to 0.0.
2026-10-07 01:14:30 [INFO] tempo.benchmark: Evaluated: [pred-maintenance-w100-cls | tsfresh_minimal | subsampled_fdr | random_forest] -> Score: 0.9497 (Fit: 0.076s, Infer: 0.39ms, Total: 15.82s)
2026-10-07 01:14:33 [WARNING] tempo.benchmark: No features survived selector 'subsampled_fdr'; fallback triggered, retaining full feature space to avoid model fit failure.
2026-10-07 01:14:36 [WARNING] tempo.benchmark: No features survived selector 'subsampled_fdr'; fallback triggered, retaining full feature space to avoid model fit failure.
2026-10-07 01:14:39 [WARNING] tempo.benchmark: No features survived selector 'subsampled_fdr'; fallback triggered, retaining full feature space to avoid model fit failure.
2026-10-07 01:14:42 [WARNING] tempo.benchmark: No features survived selector 'subsampled_fdr'; fallback triggered, retaining full feature space to avoid model fit failure.
2026-10-07 01:14:45 [WARNING] tempo.benchmark: No features survived selector 'subsampled_fdr'; fallback triggered, retaining full feature space to avoid model fit failure.
2026-10-07 01:14:45 [WARNING] tempo.benchmark: Zero features survived selector 'subsampled_fdr' across all folds; setting Jaccard stability to 0.0.
2026-10-07 01:14:45 [INFO] tempo.benchmark: Evaluated: [pred-maintenance-w100-cls | tsfresh_minimal | subsampled_fdr | logistic_regression] -> Score: 0.9296 (Fit: 0.019s, Infer: 0.02ms, Total: 15.17s)
2026-10-07 01:14:45 [INFO] tempo.benchmark: Saved benchmark telemetry to: benchmark_results/TM269Ga__ai4i_running_benchmark/classification/benchmark_results_20261007_011445.csv and benchmark_results/TM269Ga__ai4i_running_benchmark/classification/benchmark_results.csv
2026-10-07 01:15:10 [INFO] tempo.benchmark: TEMPO Benchmark Runner initialised. Task: regression
2026-10-07 01:15:10 [INFO] tempo.benchmark: Recorded runtime environment metadata to benchmark_results/TM269Ga__ai4i_running_benchmark/regression/environment.json
2026-10-07 01:15:10 [INFO] tempo.benchmark: Loading dataset: pred-maintenance-w100-reg
2026-10-07 01:15:10 [INFO] tempo.benchmark: Cache hit for extractor 'numba_efficient' on dataset 'pred-maintenance-w100-reg'
2026-10-07 01:15:12 [INFO] tempo.benchmark: Evaluated: [pred-maintenance-w100-reg | numba_efficient | None | random_forest] -> Score: 0.9863 (Fit: 0.447s, Infer: 0.37ms, Total: 2.31s)
2026-10-07 01:15:12 [INFO] tempo.benchmark: Evaluated: [pred-maintenance-w100-reg | numba_efficient | None | ridge] -> Score: 0.8286 (Fit: 0.007s, Infer: 0.06ms, Total: 0.05s)
2026-10-07 01:15:13 [INFO] tempo.benchmark: Evaluated: [pred-maintenance-w100-reg | numba_efficient | select_k_best_anova | random_forest] -> Score: 0.9909 (Fit: 0.061s, Infer: 0.36ms, Total: 0.46s)
2026-10-07 01:15:14 [INFO] tempo.benchmark: Evaluated: [pred-maintenance-w100-reg | numba_efficient | select_k_best_anova | ridge] -> Score: 0.9959 (Fit: 0.002s, Infer: 0.01ms, Total: 0.09s)
2026-10-07 01:15:17 [INFO] tempo.benchmark: Evaluated: [pred-maintenance-w100-reg | numba_efficient | mutual_info | random_forest] -> Score: 0.9906 (Fit: 0.061s, Infer: 0.36ms, Total: 3.21s)
2026-10-07 01:15:21 [INFO] tempo.benchmark: Evaluated: [pred-maintenance-w100-reg | numba_efficient | mutual_info | ridge] -> Score: 0.9938 (Fit: 0.002s, Infer: 0.01ms, Total: 2.82s)
2026-10-07 01:15:39 [INFO] tempo.benchmark: Evaluated: [pred-maintenance-w100-reg | numba_efficient | fdr | random_forest] -> Score: 0.9903 (Fit: 0.066s, Infer: 0.34ms, Total: 17.35s)
2026-10-07 01:15:55 [INFO] tempo.benchmark: Evaluated: [pred-maintenance-w100-reg | numba_efficient | fdr | ridge] -> Score: 0.9929 (Fit: 0.003s, Infer: 0.02ms, Total: 15.70s)
2026-10-07 01:16:18 [INFO] tempo.benchmark: Evaluated: [pred-maintenance-w100-reg | numba_efficient | boruta | random_forest] -> Score: 0.9895 (Fit: 0.059s, Infer: 0.35ms, Total: 22.68s)
2026-10-07 01:16:41 [INFO] tempo.benchmark: Evaluated: [pred-maintenance-w100-reg | numba_efficient | boruta | ridge] -> Score: 0.9928 (Fit: 0.002s, Infer: 0.01ms, Total: 22.18s)
2026-10-07 01:16:57 [INFO] tempo.benchmark: Evaluated: [pred-maintenance-w100-reg | numba_efficient | subsampled_fdr | random_forest] -> Score: 0.9869 (Fit: 0.059s, Infer: 0.34ms, Total: 16.47s)
2026-10-07 01:17:14 [INFO] tempo.benchmark: Evaluated: [pred-maintenance-w100-reg | numba_efficient | subsampled_fdr | ridge] -> Score: 0.9909 (Fit: 0.002s, Infer: 0.01ms, Total: 15.55s)
2026-10-07 01:17:14 [INFO] tempo.benchmark: Cache hit for extractor 'polars_statistics' on dataset 'pred-maintenance-w100-reg'
2026-10-07 01:17:14 [INFO] tempo.benchmark: Evaluated: [pred-maintenance-w100-reg | polars_statistics | None | random_forest] -> Score: 0.7614 (Fit: 0.066s, Infer: 0.36ms, Total: 0.40s)
2026-10-07 01:17:14 [INFO] tempo.benchmark: Evaluated: [pred-maintenance-w100-reg | polars_statistics | None | ridge] -> Score: 0.597 (Fit: 0.002s, Infer: 0.01ms, Total: 0.01s)
2026-10-07 01:17:15 [INFO] tempo.benchmark: Evaluated: [pred-maintenance-w100-reg | polars_statistics | select_k_best_anova | random_forest] -> Score: 0.7572 (Fit: 0.060s, Infer: 0.35ms, Total: 0.44s)
2026-10-07 01:17:16 [INFO] tempo.benchmark: Evaluated: [pred-maintenance-w100-reg | polars_statistics | select_k_best_anova | ridge] -> Score: 0.5999 (Fit: 0.002s, Infer: 0.01ms, Total: 0.08s)
2026-10-07 01:17:17 [INFO] tempo.benchmark: Evaluated: [pred-maintenance-w100-reg | polars_statistics | mutual_info | random_forest] -> Score: 0.7729 (Fit: 0.060s, Infer: 0.35ms, Total: 0.53s)
2026-10-07 01:17:17 [INFO] tempo.benchmark: Evaluated: [pred-maintenance-w100-reg | polars_statistics | mutual_info | ridge] -> Score: 0.6042 (Fit: 0.002s, Infer: 0.01ms, Total: 0.16s)
2026-10-07 01:17:33 [INFO] tempo.benchmark: Evaluated: [pred-maintenance-w100-reg | polars_statistics | fdr | random_forest] -> Score: 0.7762 (Fit: 0.061s, Infer: 0.35ms, Total: 15.49s)
2026-10-07 01:17:49 [INFO] tempo.benchmark: Evaluated: [pred-maintenance-w100-reg | polars_statistics | fdr | ridge] -> Score: 0.6398 (Fit: 0.002s, Infer: 0.01ms, Total: 15.38s)
2026-10-07 01:17:55 [INFO] tempo.benchmark: Evaluated: [pred-maintenance-w100-reg | polars_statistics | boruta | random_forest] -> Score: 0.7603 (Fit: 0.056s, Infer: 0.35ms, Total: 5.53s)
2026-10-07 01:18:01 [INFO] tempo.benchmark: Evaluated: [pred-maintenance-w100-reg | polars_statistics | boruta | ridge] -> Score: 0.6321 (Fit: 0.002s, Infer: 0.01ms, Total: 5.18s)
2026-10-07 01:18:04 [WARNING] tempo.benchmark: No features survived selector 'subsampled_fdr'; fallback triggered, retaining full feature space to avoid model fit failure.
2026-10-07 01:18:08 [WARNING] tempo.benchmark: No features survived selector 'subsampled_fdr'; fallback triggered, retaining full feature space to avoid model fit failure.
2026-10-07 01:18:11 [WARNING] tempo.benchmark: No features survived selector 'subsampled_fdr'; fallback triggered, retaining full feature space to avoid model fit failure.
2026-10-07 01:18:14 [WARNING] tempo.benchmark: No features survived selector 'subsampled_fdr'; fallback triggered, retaining full feature space to avoid model fit failure.
2026-10-07 01:18:17 [INFO] tempo.benchmark: Evaluated: [pred-maintenance-w100-reg | polars_statistics | subsampled_fdr | random_forest] -> Score: 0.7606 (Fit: 0.062s, Infer: 0.36ms, Total: 15.62s)
2026-10-07 01:18:20 [WARNING] tempo.benchmark: No features survived selector 'subsampled_fdr'; fallback triggered, retaining full feature space to avoid model fit failure.
2026-10-07 01:18:23 [WARNING] tempo.benchmark: No features survived selector 'subsampled_fdr'; fallback triggered, retaining full feature space to avoid model fit failure.
2026-10-07 01:18:26 [WARNING] tempo.benchmark: No features survived selector 'subsampled_fdr'; fallback triggered, retaining full feature space to avoid model fit failure.
2026-10-07 01:18:29 [WARNING] tempo.benchmark: No features survived selector 'subsampled_fdr'; fallback triggered, retaining full feature space to avoid model fit failure.
2026-10-07 01:18:33 [INFO] tempo.benchmark: Evaluated: [pred-maintenance-w100-reg | polars_statistics | subsampled_fdr | ridge] -> Score: 0.5757 (Fit: 0.003s, Infer: 0.01ms, Total: 14.88s)
2026-10-07 01:18:33 [INFO] tempo.benchmark: Cache hit for extractor 'numpy_statistical' on dataset 'pred-maintenance-w100-reg'
2026-10-07 01:18:33 [INFO] tempo.benchmark: Evaluated: [pred-maintenance-w100-reg | numpy_statistical | None | random_forest] -> Score: 0.7614 (Fit: 0.061s, Infer: 0.36ms, Total: 0.38s)
2026-10-07 01:18:33 [INFO] tempo.benchmark: Evaluated: [pred-maintenance-w100-reg | numpy_statistical | None | ridge] -> Score: 0.597 (Fit: 0.002s, Infer: 0.01ms, Total: 0.01s)
2026-10-07 01:18:34 [INFO] tempo.benchmark: Evaluated: [pred-maintenance-w100-reg | numpy_statistical | select_k_best_anova | random_forest] -> Score: 0.7572 (Fit: 0.061s, Infer: 0.35ms, Total: 0.45s)
2026-10-07 01:18:35 [INFO] tempo.benchmark: Evaluated: [pred-maintenance-w100-reg | numpy_statistical | select_k_best_anova | ridge] -> Score: 0.5999 (Fit: 0.002s, Infer: 0.01ms, Total: 0.09s)
2026-10-07 01:18:36 [INFO] tempo.benchmark: Evaluated: [pred-maintenance-w100-reg | numpy_statistical | mutual_info | random_forest] -> Score: 0.7729 (Fit: 0.065s, Infer: 0.34ms, Total: 0.54s)
2026-10-07 01:18:36 [INFO] tempo.benchmark: Evaluated: [pred-maintenance-w100-reg | numpy_statistical | mutual_info | ridge] -> Score: 0.6042 (Fit: 0.002s, Infer: 0.01ms, Total: 0.17s)
2026-10-07 01:18:52 [INFO] tempo.benchmark: Evaluated: [pred-maintenance-w100-reg | numpy_statistical | fdr | random_forest] -> Score: 0.7762 (Fit: 0.059s, Infer: 0.35ms, Total: 15.22s)
2026-10-07 01:19:08 [INFO] tempo.benchmark: Evaluated: [pred-maintenance-w100-reg | numpy_statistical | fdr | ridge] -> Score: 0.6398 (Fit: 0.002s, Infer: 0.01ms, Total: 15.01s)
2026-10-07 01:19:14 [INFO] tempo.benchmark: Evaluated: [pred-maintenance-w100-reg | numpy_statistical | boruta | random_forest] -> Score: 0.7603 (Fit: 0.055s, Infer: 0.36ms, Total: 5.53s)
2026-10-07 01:19:19 [INFO] tempo.benchmark: Evaluated: [pred-maintenance-w100-reg | numpy_statistical | boruta | ridge] -> Score: 0.6321 (Fit: 0.002s, Infer: 0.01ms, Total: 5.24s)
2026-10-07 01:19:23 [WARNING] tempo.benchmark: No features survived selector 'subsampled_fdr'; fallback triggered, retaining full feature space to avoid model fit failure.
2026-10-07 01:19:26 [WARNING] tempo.benchmark: No features survived selector 'subsampled_fdr'; fallback triggered, retaining full feature space to avoid model fit failure.
2026-10-07 01:19:29 [WARNING] tempo.benchmark: No features survived selector 'subsampled_fdr'; fallback triggered, retaining full feature space to avoid model fit failure.
2026-10-07 01:19:32 [WARNING] tempo.benchmark: No features survived selector 'subsampled_fdr'; fallback triggered, retaining full feature space to avoid model fit failure.
2026-10-07 01:19:35 [INFO] tempo.benchmark: Evaluated: [pred-maintenance-w100-reg | numpy_statistical | subsampled_fdr | random_forest] -> Score: 0.7606 (Fit: 0.062s, Infer: 0.36ms, Total: 15.68s)
2026-10-07 01:19:39 [WARNING] tempo.benchmark: No features survived selector 'subsampled_fdr'; fallback triggered, retaining full feature space to avoid model fit failure.
2026-10-07 01:19:42 [WARNING] tempo.benchmark: No features survived selector 'subsampled_fdr'; fallback triggered, retaining full feature space to avoid model fit failure.
2026-10-07 01:19:45 [WARNING] tempo.benchmark: No features survived selector 'subsampled_fdr'; fallback triggered, retaining full feature space to avoid model fit failure.
2026-10-07 01:19:48 [WARNING] tempo.benchmark: No features survived selector 'subsampled_fdr'; fallback triggered, retaining full feature space to avoid model fit failure.
2026-10-07 01:19:51 [INFO] tempo.benchmark: Evaluated: [pred-maintenance-w100-reg | numpy_statistical | subsampled_fdr | ridge] -> Score: 0.5757 (Fit: 0.003s, Infer: 0.01ms, Total: 15.22s)
2026-10-07 01:19:51 [INFO] tempo.benchmark: Cache hit for extractor 'tsfel' on dataset 'pred-maintenance-w100-reg'
2026-10-07 01:19:52 [INFO] tempo.benchmark: Evaluated: [pred-maintenance-w100-reg | tsfel | None | random_forest] -> Score: 0.7462 (Fit: 0.096s, Infer: 0.36ms, Total: 0.55s)
2026-10-07 01:19:52 [INFO] tempo.benchmark: Evaluated: [pred-maintenance-w100-reg | tsfel | None | ridge] -> Score: 0.2528 (Fit: 0.003s, Infer: 0.02ms, Total: 0.02s)
2026-10-07 01:19:53 [INFO] tempo.benchmark: Evaluated: [pred-maintenance-w100-reg | tsfel | select_k_best_anova | random_forest] -> Score: 0.7578 (Fit: 0.059s, Infer: 0.34ms, Total: 0.43s)
2026-10-07 01:19:53 [INFO] tempo.benchmark: Evaluated: [pred-maintenance-w100-reg | tsfel | select_k_best_anova | ridge] -> Score: 0.0974 (Fit: 0.002s, Infer: 0.01ms, Total: 0.08s)
2026-10-07 01:19:55 [INFO] tempo.benchmark: Evaluated: [pred-maintenance-w100-reg | tsfel | mutual_info | random_forest] -> Score: 0.7424 (Fit: 0.062s, Infer: 0.35ms, Total: 0.95s)
2026-10-07 01:19:56 [INFO] tempo.benchmark: Evaluated: [pred-maintenance-w100-reg | tsfel | mutual_info | ridge] -> Score: 0.3406 (Fit: 0.002s, Infer: 0.01ms, Total: 0.59s)
2026-10-07 01:20:12 [INFO] tempo.benchmark: Evaluated: [pred-maintenance-w100-reg | tsfel | fdr | random_forest] -> Score: 0.7427 (Fit: 0.062s, Infer: 0.34ms, Total: 15.62s)
2026-10-07 01:20:28 [INFO] tempo.benchmark: Evaluated: [pred-maintenance-w100-reg | tsfel | fdr | ridge] -> Score: 0.104 (Fit: 0.002s, Infer: 0.01ms, Total: 15.16s)
2026-10-07 01:20:35 [INFO] tempo.benchmark: Evaluated: [pred-maintenance-w100-reg | tsfel | boruta | random_forest] -> Score: 0.7114 (Fit: 0.054s, Infer: 0.35ms, Total: 7.27s)
2026-10-07 01:20:43 [INFO] tempo.benchmark: Evaluated: [pred-maintenance-w100-reg | tsfel | boruta | ridge] -> Score: 0.5952 (Fit: 0.002s, Infer: 0.01ms, Total: 6.88s)
2026-10-07 01:20:58 [INFO] tempo.benchmark: Evaluated: [pred-maintenance-w100-reg | tsfel | subsampled_fdr | random_forest] -> Score: 0.4837 (Fit: 0.064s, Infer: 0.37ms, Total: 15.36s)
2026-10-07 01:21:14 [INFO] tempo.benchmark: Evaluated: [pred-maintenance-w100-reg | tsfel | subsampled_fdr | ridge] -> Score: 0.4268 (Fit: 0.002s, Infer: 0.01ms, Total: 15.10s)
2026-10-07 01:21:14 [INFO] tempo.benchmark: Cache hit for extractor 'tsfresh_minimal' on dataset 'pred-maintenance-w100-reg'
2026-10-07 01:21:14 [INFO] tempo.benchmark: Evaluated: [pred-maintenance-w100-reg | tsfresh_minimal | None | random_forest] -> Score: 0.7156 (Fit: 0.068s, Infer: 0.35ms, Total: 0.41s)
2026-10-07 01:21:14 [INFO] tempo.benchmark: Evaluated: [pred-maintenance-w100-reg | tsfresh_minimal | None | ridge] -> Score: 0.5905 (Fit: 0.002s, Infer: 0.02ms, Total: 0.01s)
2026-10-07 01:21:15 [INFO] tempo.benchmark: Evaluated: [pred-maintenance-w100-reg | tsfresh_minimal | select_k_best_anova | random_forest] -> Score: 0.7422 (Fit: 0.060s, Infer: 0.35ms, Total: 0.43s)
2026-10-07 01:21:16 [INFO] tempo.benchmark: Evaluated: [pred-maintenance-w100-reg | tsfresh_minimal | select_k_best_anova | ridge] -> Score: 0.6114 (Fit: 0.002s, Infer: 0.01ms, Total: 0.07s)
2026-10-07 01:21:17 [INFO] tempo.benchmark: Evaluated: [pred-maintenance-w100-reg | tsfresh_minimal | mutual_info | random_forest] -> Score: 0.7352 (Fit: 0.059s, Infer: 0.36ms, Total: 0.58s)
2026-10-07 01:21:18 [INFO] tempo.benchmark: Evaluated: [pred-maintenance-w100-reg | tsfresh_minimal | mutual_info | ridge] -> Score: 0.6029 (Fit: 0.002s, Infer: 0.01ms, Total: 0.23s)
2026-10-07 01:21:34 [INFO] tempo.benchmark: Evaluated: [pred-maintenance-w100-reg | tsfresh_minimal | fdr | random_forest] -> Score: 0.7546 (Fit: 0.058s, Infer: 0.34ms, Total: 15.55s)
2026-10-07 01:21:49 [INFO] tempo.benchmark: Evaluated: [pred-maintenance-w100-reg | tsfresh_minimal | fdr | ridge] -> Score: 0.6318 (Fit: 0.002s, Infer: 0.01ms, Total: 14.90s)
2026-10-07 01:21:55 [INFO] tempo.benchmark: Evaluated: [pred-maintenance-w100-reg | tsfresh_minimal | boruta | random_forest] -> Score: 0.6557 (Fit: 0.054s, Infer: 0.35ms, Total: 5.77s)
2026-10-07 01:22:01 [INFO] tempo.benchmark: Evaluated: [pred-maintenance-w100-reg | tsfresh_minimal | boruta | ridge] -> Score: 0.6069 (Fit: 0.002s, Infer: 0.01ms, Total: 5.47s)
2026-10-07 01:22:05 [WARNING] tempo.benchmark: No features survived selector 'subsampled_fdr'; fallback triggered, retaining full feature space to avoid model fit failure.
2026-10-07 01:22:08 [WARNING] tempo.benchmark: No features survived selector 'subsampled_fdr'; fallback triggered, retaining full feature space to avoid model fit failure.
2026-10-07 01:22:11 [WARNING] tempo.benchmark: No features survived selector 'subsampled_fdr'; fallback triggered, retaining full feature space to avoid model fit failure.
2026-10-07 01:22:14 [WARNING] tempo.benchmark: No features survived selector 'subsampled_fdr'; fallback triggered, retaining full feature space to avoid model fit failure.
2026-10-07 01:22:18 [INFO] tempo.benchmark: Evaluated: [pred-maintenance-w100-reg | tsfresh_minimal | subsampled_fdr | random_forest] -> Score: 0.6988 (Fit: 0.066s, Infer: 0.35ms, Total: 15.71s)
2026-10-07 01:22:21 [WARNING] tempo.benchmark: No features survived selector 'subsampled_fdr'; fallback triggered, retaining full feature space to avoid model fit failure.
2026-10-07 01:22:24 [WARNING] tempo.benchmark: No features survived selector 'subsampled_fdr'; fallback triggered, retaining full feature space to avoid model fit failure.
2026-10-07 01:22:27 [WARNING] tempo.benchmark: No features survived selector 'subsampled_fdr'; fallback triggered, retaining full feature space to avoid model fit failure.
2026-10-07 01:22:30 [WARNING] tempo.benchmark: No features survived selector 'subsampled_fdr'; fallback triggered, retaining full feature space to avoid model fit failure.
2026-10-07 01:22:34 [INFO] tempo.benchmark: Evaluated: [pred-maintenance-w100-reg | tsfresh_minimal | subsampled_fdr | ridge] -> Score: 0.5892 (Fit: 0.003s, Infer: 0.01ms, Total: 15.75s)
2026-10-07 01:22:34 [INFO] tempo.benchmark: Saved benchmark telemetry to: benchmark_results/TM269Ga__ai4i_running_benchmark/regression/benchmark_results_20261007_012234.csv and benchmark_results/TM269Ga__ai4i_running_benchmark/regression/benchmark_results.csv
