2026-10-08 02:39:43 [INFO] tempo.benchmark: TEMPO Benchmark Runner initialised. Task: regression
2026-10-08 02:39:44 [INFO] tempo.benchmark: Recorded runtime environment metadata to benchmark_results/andreas_regression/environment.json
2026-10-08 02:39:44 [INFO] tempo.benchmark: Loading dataset: appliances-energy
2026-10-08 02:39:54 [INFO] tempo.benchmark: Evaluated: [appliances-energy | numba_efficient | None | random_forest] -> Score: 0.0108 (Fit: 2.052s, Infer: 0.33ms, Total: 10.41s)
2026-10-08 02:39:54 [INFO] tempo.benchmark: Evaluated: [appliances-energy | numba_efficient | None | ridge] -> Score: -0.4136 (Fit: 0.017s, Infer: 0.09ms, Total: 0.17s)
2026-10-08 02:39:55 [INFO] tempo.benchmark: Evaluated: [appliances-energy | numba_efficient | select_k_best | random_forest] -> Score: -0.1243 (Fit: 0.061s, Infer: 0.25ms, Total: 0.53s)
2026-10-08 02:39:56 [INFO] tempo.benchmark: Evaluated: [appliances-energy | numba_efficient | select_k_best | ridge] -> Score: -0.0401 (Fit: 0.002s, Infer: 0.01ms, Total: 0.16s)
2026-10-08 02:40:13 [INFO] tempo.benchmark: Evaluated: [appliances-energy | numba_efficient | fdr | random_forest] -> Score: -0.0215 (Fit: 0.253s, Infer: 0.25ms, Total: 16.53s)
2026-10-08 02:40:29 [INFO] tempo.benchmark: Evaluated: [appliances-energy | numba_efficient | fdr | ridge] -> Score: -1.6262 (Fit: 0.005s, Infer: 0.02ms, Total: 15.14s)
2026-10-08 02:40:32 [WARNING] tempo.benchmark: No features survived selector 'subsampled'; fallback triggered, retaining full feature space to avoid model fit failure.
2026-10-08 02:40:37 [WARNING] tempo.benchmark: No features survived selector 'subsampled'; fallback triggered, retaining full feature space to avoid model fit failure.
2026-10-08 02:40:42 [WARNING] tempo.benchmark: No features survived selector 'subsampled'; fallback triggered, retaining full feature space to avoid model fit failure.
2026-10-08 02:40:47 [WARNING] tempo.benchmark: No features survived selector 'subsampled'; fallback triggered, retaining full feature space to avoid model fit failure.
2026-10-08 02:40:52 [WARNING] tempo.benchmark: No features survived selector 'subsampled'; fallback triggered, retaining full feature space to avoid model fit failure.
2026-10-08 02:40:54 [WARNING] tempo.benchmark: Fallback triggered on selector 'subsampled'; setting Jaccard stability to 0.0.
2026-10-08 02:40:54 [INFO] tempo.benchmark: Evaluated: [appliances-energy | numba_efficient | subsampled | random_forest] -> Score: 0.0108 (Fit: 1.981s, Infer: 0.33ms, Total: 24.89s)
2026-10-08 02:40:57 [WARNING] tempo.benchmark: No features survived selector 'subsampled'; fallback triggered, retaining full feature space to avoid model fit failure.
2026-10-08 02:41:00 [WARNING] tempo.benchmark: No features survived selector 'subsampled'; fallback triggered, retaining full feature space to avoid model fit failure.
2026-10-08 02:41:04 [WARNING] tempo.benchmark: No features survived selector 'subsampled'; fallback triggered, retaining full feature space to avoid model fit failure.
2026-10-08 02:41:07 [WARNING] tempo.benchmark: No features survived selector 'subsampled'; fallback triggered, retaining full feature space to avoid model fit failure.
2026-10-08 02:41:10 [WARNING] tempo.benchmark: No features survived selector 'subsampled'; fallback triggered, retaining full feature space to avoid model fit failure.
2026-10-08 02:41:10 [WARNING] tempo.benchmark: Fallback triggered on selector 'subsampled'; setting Jaccard stability to 0.0.
2026-10-08 02:41:10 [INFO] tempo.benchmark: Evaluated: [appliances-energy | numba_efficient | subsampled | ridge] -> Score: -0.4136 (Fit: 0.017s, Infer: 0.09ms, Total: 15.16s)
2026-10-08 02:41:10 [INFO] tempo.benchmark: Resuming: skipping completed [appliances-energy | numba_efficient | subsampled | random_forest | seed 42]
2026-10-08 02:41:10 [INFO] tempo.benchmark: Resuming: skipping completed [appliances-energy | numba_efficient | subsampled | ridge | seed 42]
2026-10-08 02:41:10 [INFO] tempo.benchmark: Resuming: skipping completed [appliances-energy | numba_efficient | None | random_forest | seed 42]
2026-10-08 02:41:10 [INFO] tempo.benchmark: Resuming: skipping completed [appliances-energy | numba_efficient | None | ridge | seed 42]
2026-10-08 02:41:10 [INFO] tempo.benchmark: Resuming: skipping completed [appliances-energy | numba_efficient | select_k_best | random_forest | seed 42]
2026-10-08 02:41:10 [INFO] tempo.benchmark: Resuming: skipping completed [appliances-energy | numba_efficient | select_k_best | ridge | seed 42]
2026-10-08 02:41:10 [INFO] tempo.benchmark: Resuming: skipping completed [appliances-energy | numba_efficient | fdr | random_forest | seed 42]
2026-10-08 02:41:10 [INFO] tempo.benchmark: Resuming: skipping completed [appliances-energy | numba_efficient | fdr | ridge | seed 42]
2026-10-08 02:41:10 [INFO] tempo.benchmark: Resuming: skipping completed [appliances-energy | numba_efficient | subsampled | random_forest | seed 42]
2026-10-08 02:41:10 [INFO] tempo.benchmark: Resuming: skipping completed [appliances-energy | numba_efficient | subsampled | ridge | seed 42]
2026-10-08 02:41:10 [INFO] tempo.benchmark: Resuming: skipping completed [appliances-energy | numba_efficient | subsampled | random_forest | seed 42]
2026-10-08 02:41:10 [INFO] tempo.benchmark: Resuming: skipping completed [appliances-energy | numba_efficient | subsampled | ridge | seed 42]
2026-10-08 02:41:11 [INFO] tempo.benchmark: Resuming: skipping completed [appliances-energy | numba_efficient | None | random_forest | seed 42]
2026-10-08 02:41:11 [INFO] tempo.benchmark: Resuming: skipping completed [appliances-energy | numba_efficient | None | ridge | seed 42]
2026-10-08 02:41:11 [INFO] tempo.benchmark: Resuming: skipping completed [appliances-energy | numba_efficient | select_k_best | random_forest | seed 42]
2026-10-08 02:41:11 [INFO] tempo.benchmark: Resuming: skipping completed [appliances-energy | numba_efficient | select_k_best | ridge | seed 42]
2026-10-08 02:41:11 [INFO] tempo.benchmark: Resuming: skipping completed [appliances-energy | numba_efficient | fdr | random_forest | seed 42]
2026-10-08 02:41:11 [INFO] tempo.benchmark: Resuming: skipping completed [appliances-energy | numba_efficient | fdr | ridge | seed 42]
2026-10-08 02:41:11 [INFO] tempo.benchmark: Resuming: skipping completed [appliances-energy | numba_efficient | subsampled | random_forest | seed 42]
2026-10-08 02:41:11 [INFO] tempo.benchmark: Resuming: skipping completed [appliances-energy | numba_efficient | subsampled | ridge | seed 42]
2026-10-08 02:41:11 [INFO] tempo.benchmark: Resuming: skipping completed [appliances-energy | numba_efficient | subsampled | random_forest | seed 42]
2026-10-08 02:41:11 [INFO] tempo.benchmark: Resuming: skipping completed [appliances-energy | numba_efficient | subsampled | ridge | seed 42]
2026-10-08 02:42:53 [INFO] tempo.benchmark: Evaluated: [appliances-energy | tsfresh_efficient | None | random_forest] -> Score: 0.0166 (Fit: 9.353s, Infer: 0.65ms, Total: 101.61s)
2026-10-08 02:42:54 [INFO] tempo.benchmark: Evaluated: [appliances-energy | tsfresh_efficient | None | ridge] -> Score: -2.1389 (Fit: 0.078s, Infer: 0.46ms, Total: 55.18s)
2026-10-08 02:42:55 [INFO] tempo.benchmark: Evaluated: [appliances-energy | tsfresh_efficient | select_k_best | random_forest] -> Score: -0.1499 (Fit: 0.061s, Infer: 0.25ms, Total: 55.26s)
2026-10-08 02:42:56 [INFO] tempo.benchmark: Evaluated: [appliances-energy | tsfresh_efficient | select_k_best | ridge] -> Score: -633.9501 (Fit: 0.002s, Infer: 0.01ms, Total: 54.89s)
2026-10-08 02:43:25 [INFO] tempo.benchmark: Evaluated: [appliances-energy | tsfresh_efficient | fdr | random_forest] -> Score: -0.0584 (Fit: 1.479s, Infer: 0.31ms, Total: 83.01s)
2026-10-08 02:43:45 [INFO] tempo.benchmark: Evaluated: [appliances-energy | tsfresh_efficient | fdr | ridge] -> Score: -1.7593 (Fit: 0.014s, Infer: 0.08ms, Total: 75.05s)
2026-10-08 02:43:50 [WARNING] tempo.benchmark: No features survived selector 'subsampled'; fallback triggered, retaining full feature space to avoid model fit failure.
2026-10-08 02:44:04 [WARNING] tempo.benchmark: No features survived selector 'subsampled'; fallback triggered, retaining full feature space to avoid model fit failure.
2026-10-08 02:44:17 [WARNING] tempo.benchmark: No features survived selector 'subsampled'; fallback triggered, retaining full feature space to avoid model fit failure.
2026-10-08 02:44:30 [WARNING] tempo.benchmark: No features survived selector 'subsampled'; fallback triggered, retaining full feature space to avoid model fit failure.
2026-10-08 02:44:44 [WARNING] tempo.benchmark: No features survived selector 'subsampled'; fallback triggered, retaining full feature space to avoid model fit failure.
2026-10-08 02:44:53 [WARNING] tempo.benchmark: Fallback triggered on selector 'subsampled'; setting Jaccard stability to 0.0.
2026-10-08 02:44:53 [INFO] tempo.benchmark: Evaluated: [appliances-energy | tsfresh_efficient | subsampled | random_forest] -> Score: 0.0166 (Fit: 8.948s, Infer: 0.65ms, Total: 121.17s)
2026-10-08 02:44:57 [WARNING] tempo.benchmark: No features survived selector 'subsampled'; fallback triggered, retaining full feature space to avoid model fit failure.
2026-10-08 02:45:01 [WARNING] tempo.benchmark: No features survived selector 'subsampled'; fallback triggered, retaining full feature space to avoid model fit failure.
2026-10-08 02:45:06 [WARNING] tempo.benchmark: No features survived selector 'subsampled'; fallback triggered, retaining full feature space to avoid model fit failure.
2026-10-08 02:45:10 [WARNING] tempo.benchmark: No features survived selector 'subsampled'; fallback triggered, retaining full feature space to avoid model fit failure.
2026-10-08 02:45:15 [WARNING] tempo.benchmark: No features survived selector 'subsampled'; fallback triggered, retaining full feature space to avoid model fit failure.
2026-10-08 02:45:15 [WARNING] tempo.benchmark: Fallback triggered on selector 'subsampled'; setting Jaccard stability to 0.0.
2026-10-08 02:45:15 [INFO] tempo.benchmark: Evaluated: [appliances-energy | tsfresh_efficient | subsampled | ridge] -> Score: -2.1389 (Fit: 0.080s, Infer: 0.47ms, Total: 76.66s)
2026-10-08 02:45:15 [INFO] tempo.benchmark: Resuming: skipping completed [appliances-energy | tsfresh_efficient | subsampled | random_forest | seed 42]
2026-10-08 02:45:15 [INFO] tempo.benchmark: Resuming: skipping completed [appliances-energy | tsfresh_efficient | subsampled | ridge | seed 42]
2026-10-08 02:45:20 [INFO] tempo.benchmark: Evaluated: [appliances-energy | tsfresh_minimal | None | random_forest] -> Score: -0.2291 (Fit: 0.275s, Infer: 0.26ms, Total: 4.59s)
2026-10-08 02:45:20 [INFO] tempo.benchmark: Evaluated: [appliances-energy | tsfresh_minimal | None | ridge] -> Score: -0.8099 (Fit: 0.003s, Infer: 0.02ms, Total: 3.16s)
2026-10-08 02:45:21 [INFO] tempo.benchmark: Evaluated: [appliances-energy | tsfresh_minimal | select_k_best | random_forest] -> Score: -0.3135 (Fit: 0.067s, Infer: 0.26ms, Total: 3.61s)
2026-10-08 02:45:22 [INFO] tempo.benchmark: Evaluated: [appliances-energy | tsfresh_minimal | select_k_best | ridge] -> Score: -0.0936 (Fit: 0.002s, Infer: 0.01ms, Total: 3.22s)
2026-10-08 02:45:37 [INFO] tempo.benchmark: Evaluated: [appliances-energy | tsfresh_minimal | fdr | random_forest] -> Score: -0.2744 (Fit: 0.089s, Infer: 0.26ms, Total: 17.72s)
2026-10-08 02:45:51 [INFO] tempo.benchmark: Evaluated: [appliances-energy | tsfresh_minimal | fdr | ridge] -> Score: -0.1698 (Fit: 0.003s, Infer: 0.01ms, Total: 17.26s)
2026-10-08 02:45:54 [WARNING] tempo.benchmark: No features survived selector 'subsampled'; fallback triggered, retaining full feature space to avoid model fit failure.
2026-10-08 02:45:57 [WARNING] tempo.benchmark: No features survived selector 'subsampled'; fallback triggered, retaining full feature space to avoid model fit failure.
2026-10-08 02:46:01 [WARNING] tempo.benchmark: No features survived selector 'subsampled'; fallback triggered, retaining full feature space to avoid model fit failure.
2026-10-08 02:46:04 [WARNING] tempo.benchmark: No features survived selector 'subsampled'; fallback triggered, retaining full feature space to avoid model fit failure.
2026-10-08 02:46:07 [WARNING] tempo.benchmark: No features survived selector 'subsampled'; fallback triggered, retaining full feature space to avoid model fit failure.
2026-10-08 02:46:07 [WARNING] tempo.benchmark: Fallback triggered on selector 'subsampled'; setting Jaccard stability to 0.0.
2026-10-08 02:46:07 [INFO] tempo.benchmark: Evaluated: [appliances-energy | tsfresh_minimal | subsampled | random_forest] -> Score: -0.2291 (Fit: 0.277s, Infer: 0.26ms, Total: 18.74s)
2026-10-08 02:46:10 [WARNING] tempo.benchmark: No features survived selector 'subsampled'; fallback triggered, retaining full feature space to avoid model fit failure.
2026-10-08 02:46:13 [WARNING] tempo.benchmark: No features survived selector 'subsampled'; fallback triggered, retaining full feature space to avoid model fit failure.
2026-10-08 02:46:16 [WARNING] tempo.benchmark: No features survived selector 'subsampled'; fallback triggered, retaining full feature space to avoid model fit failure.
2026-10-08 02:46:19 [WARNING] tempo.benchmark: No features survived selector 'subsampled'; fallback triggered, retaining full feature space to avoid model fit failure.
2026-10-08 02:46:22 [WARNING] tempo.benchmark: No features survived selector 'subsampled'; fallback triggered, retaining full feature space to avoid model fit failure.
2026-10-08 02:46:22 [WARNING] tempo.benchmark: Fallback triggered on selector 'subsampled'; setting Jaccard stability to 0.0.
2026-10-08 02:46:22 [INFO] tempo.benchmark: Evaluated: [appliances-energy | tsfresh_minimal | subsampled | ridge] -> Score: -0.8099 (Fit: 0.004s, Infer: 0.02ms, Total: 17.28s)
2026-10-08 02:46:22 [INFO] tempo.benchmark: Resuming: skipping completed [appliances-energy | tsfresh_minimal | subsampled | random_forest | seed 42]
2026-10-08 02:46:22 [INFO] tempo.benchmark: Resuming: skipping completed [appliances-energy | tsfresh_minimal | subsampled | ridge | seed 42]
2026-10-08 02:46:23 [INFO] tempo.benchmark: Evaluated: [appliances-energy | polars_statistics | None | random_forest] -> Score: -0.2628 (Fit: 0.165s, Infer: 0.25ms, Total: 0.95s)
2026-10-08 02:46:23 [INFO] tempo.benchmark: Evaluated: [appliances-energy | polars_statistics | None | ridge] -> Score: -0.557 (Fit: 0.002s, Infer: 0.01ms, Total: 0.07s)
2026-10-08 02:46:24 [INFO] tempo.benchmark: Evaluated: [appliances-energy | polars_statistics | select_k_best | random_forest] -> Score: -0.3368 (Fit: 0.062s, Infer: 0.24ms, Total: 0.49s)
2026-10-08 02:46:25 [INFO] tempo.benchmark: Evaluated: [appliances-energy | polars_statistics | select_k_best | ridge] -> Score: -0.1218 (Fit: 0.002s, Infer: 0.01ms, Total: 0.13s)
2026-10-08 02:46:40 [INFO] tempo.benchmark: Evaluated: [appliances-energy | polars_statistics | fdr | random_forest] -> Score: -0.2791 (Fit: 0.069s, Infer: 0.25ms, Total: 14.48s)
2026-10-08 02:46:55 [INFO] tempo.benchmark: Evaluated: [appliances-energy | polars_statistics | fdr | ridge] -> Score: -0.1149 (Fit: 0.003s, Infer: 0.01ms, Total: 14.13s)
2026-10-08 02:46:58 [WARNING] tempo.benchmark: No features survived selector 'subsampled'; fallback triggered, retaining full feature space to avoid model fit failure.
2026-10-08 02:47:01 [WARNING] tempo.benchmark: No features survived selector 'subsampled'; fallback triggered, retaining full feature space to avoid model fit failure.
2026-10-08 02:47:04 [WARNING] tempo.benchmark: No features survived selector 'subsampled'; fallback triggered, retaining full feature space to avoid model fit failure.
2026-10-08 02:47:07 [WARNING] tempo.benchmark: No features survived selector 'subsampled'; fallback triggered, retaining full feature space to avoid model fit failure.
2026-10-08 02:47:10 [WARNING] tempo.benchmark: No features survived selector 'subsampled'; fallback triggered, retaining full feature space to avoid model fit failure.
2026-10-08 02:47:10 [WARNING] tempo.benchmark: Fallback triggered on selector 'subsampled'; setting Jaccard stability to 0.0.
2026-10-08 02:47:10 [INFO] tempo.benchmark: Evaluated: [appliances-energy | polars_statistics | subsampled | random_forest] -> Score: -0.2628 (Fit: 0.172s, Infer: 0.26ms, Total: 15.04s)
2026-10-08 02:47:13 [WARNING] tempo.benchmark: No features survived selector 'subsampled'; fallback triggered, retaining full feature space to avoid model fit failure.
2026-10-08 02:47:16 [WARNING] tempo.benchmark: No features survived selector 'subsampled'; fallback triggered, retaining full feature space to avoid model fit failure.
2026-10-08 02:47:19 [WARNING] tempo.benchmark: No features survived selector 'subsampled'; fallback triggered, retaining full feature space to avoid model fit failure.
2026-10-08 02:47:22 [WARNING] tempo.benchmark: No features survived selector 'subsampled'; fallback triggered, retaining full feature space to avoid model fit failure.
2026-10-08 02:47:25 [WARNING] tempo.benchmark: No features survived selector 'subsampled'; fallback triggered, retaining full feature space to avoid model fit failure.
2026-10-08 02:47:25 [WARNING] tempo.benchmark: Fallback triggered on selector 'subsampled'; setting Jaccard stability to 0.0.
2026-10-08 02:47:25 [INFO] tempo.benchmark: Evaluated: [appliances-energy | polars_statistics | subsampled | ridge] -> Score: -0.557 (Fit: 0.004s, Infer: 0.01ms, Total: 14.11s)
2026-10-08 02:47:25 [INFO] tempo.benchmark: Resuming: skipping completed [appliances-energy | polars_statistics | subsampled | random_forest | seed 42]
2026-10-08 02:47:25 [INFO] tempo.benchmark: Resuming: skipping completed [appliances-energy | polars_statistics | subsampled | ridge | seed 42]
2026-10-08 02:47:41 [INFO] tempo.benchmark: Evaluated: [appliances-energy | tsfel | None | random_forest] -> Score: -0.3259 (Fit: 0.654s, Infer: 0.28ms, Total: 16.08s)
2026-10-08 02:47:41 [INFO] tempo.benchmark: Evaluated: [appliances-energy | tsfel | None | ridge] -> Score: -2.9773 (Fit: 0.006s, Infer: 0.04ms, Total: 12.77s)
2026-10-08 02:47:42 [INFO] tempo.benchmark: Evaluated: [appliances-energy | tsfel | select_k_best | random_forest] -> Score: -0.2755 (Fit: 0.062s, Infer: 0.25ms, Total: 13.18s)
2026-10-08 02:47:43 [INFO] tempo.benchmark: Evaluated: [appliances-energy | tsfel | select_k_best | ridge] -> Score: -0.0841 (Fit: 0.002s, Infer: 0.01ms, Total: 12.82s)
2026-10-08 02:47:58 [INFO] tempo.benchmark: Evaluated: [appliances-energy | tsfel | fdr | random_forest] -> Score: -0.1581 (Fit: 0.120s, Infer: 0.25ms, Total: 27.65s)
2026-10-08 02:48:13 [INFO] tempo.benchmark: Evaluated: [appliances-energy | tsfel | fdr | ridge] -> Score: -0.3323 (Fit: 0.003s, Infer: 0.01ms, Total: 27.04s)
2026-10-08 02:48:16 [WARNING] tempo.benchmark: No features survived selector 'subsampled'; fallback triggered, retaining full feature space to avoid model fit failure.
2026-10-08 02:48:20 [WARNING] tempo.benchmark: No features survived selector 'subsampled'; fallback triggered, retaining full feature space to avoid model fit failure.
2026-10-08 02:48:23 [WARNING] tempo.benchmark: No features survived selector 'subsampled'; fallback triggered, retaining full feature space to avoid model fit failure.
2026-10-08 02:48:27 [WARNING] tempo.benchmark: No features survived selector 'subsampled'; fallback triggered, retaining full feature space to avoid model fit failure.
2026-10-08 02:48:31 [WARNING] tempo.benchmark: No features survived selector 'subsampled'; fallback triggered, retaining full feature space to avoid model fit failure.
2026-10-08 02:48:31 [WARNING] tempo.benchmark: Fallback triggered on selector 'subsampled'; setting Jaccard stability to 0.0.
2026-10-08 02:48:31 [INFO] tempo.benchmark: Evaluated: [appliances-energy | tsfel | subsampled | random_forest] -> Score: -0.3259 (Fit: 0.665s, Infer: 0.28ms, Total: 30.35s)
2026-10-08 02:48:34 [WARNING] tempo.benchmark: No features survived selector 'subsampled'; fallback triggered, retaining full feature space to avoid model fit failure.
2026-10-08 02:48:37 [WARNING] tempo.benchmark: No features survived selector 'subsampled'; fallback triggered, retaining full feature space to avoid model fit failure.
2026-10-08 02:48:40 [WARNING] tempo.benchmark: No features survived selector 'subsampled'; fallback triggered, retaining full feature space to avoid model fit failure.
2026-10-08 02:48:43 [WARNING] tempo.benchmark: No features survived selector 'subsampled'; fallback triggered, retaining full feature space to avoid model fit failure.
2026-10-08 02:48:46 [WARNING] tempo.benchmark: No features survived selector 'subsampled'; fallback triggered, retaining full feature space to avoid model fit failure.
2026-10-08 02:48:46 [WARNING] tempo.benchmark: Fallback triggered on selector 'subsampled'; setting Jaccard stability to 0.0.
2026-10-08 02:48:46 [INFO] tempo.benchmark: Evaluated: [appliances-energy | tsfel | subsampled | ridge] -> Score: -2.9773 (Fit: 0.008s, Infer: 0.04ms, Total: 27.05s)
2026-10-08 02:48:46 [INFO] tempo.benchmark: Resuming: skipping completed [appliances-energy | tsfel | subsampled | random_forest | seed 42]
2026-10-08 02:48:46 [INFO] tempo.benchmark: Resuming: skipping completed [appliances-energy | tsfel | subsampled | ridge | seed 42]
2026-10-08 02:48:46 [INFO] tempo.benchmark: Loading dataset: beijing-pm25
2026-10-08 02:49:42 [INFO] tempo.benchmark: Evaluated: [beijing-pm25 | numba_efficient | None | random_forest] -> Score: 0.4852 (Fit: 11.018s, Infer: 0.02ms, Total: 55.33s)
2026-10-08 02:49:42 [INFO] tempo.benchmark: Evaluated: [beijing-pm25 | numba_efficient | None | ridge] -> Score: 0.2721 (Fit: 0.037s, Infer: 0.01ms, Total: 0.36s)
2026-10-08 02:49:44 [INFO] tempo.benchmark: Evaluated: [beijing-pm25 | numba_efficient | select_k_best | random_forest] -> Score: 0.2422 (Fit: 0.244s, Infer: 0.02ms, Total: 1.56s)
2026-10-08 02:49:45 [INFO] tempo.benchmark: Evaluated: [beijing-pm25 | numba_efficient | select_k_best | ridge] -> Score: 0.2776 (Fit: 0.003s, Infer: 0.00ms, Total: 0.27s)
2026-10-08 02:50:36 [INFO] tempo.benchmark: Evaluated: [beijing-pm25 | numba_efficient | fdr | random_forest] -> Score: 0.484 (Fit: 7.187s, Infer: 0.02ms, Total: 51.36s)
2026-10-08 02:50:52 [INFO] tempo.benchmark: Evaluated: [beijing-pm25 | numba_efficient | fdr | ridge] -> Score: 0.4007 (Fit: 0.024s, Infer: 0.01ms, Total: 15.56s)
2026-10-08 02:51:25 [INFO] tempo.benchmark: Evaluated: [beijing-pm25 | numba_efficient | subsampled | random_forest] -> Score: 0.4472 (Fit: 3.547s, Infer: 0.03ms, Total: 32.54s)
2026-10-08 02:51:40 [INFO] tempo.benchmark: Evaluated: [beijing-pm25 | numba_efficient | subsampled | ridge] -> Score: 0.3869 (Fit: 0.011s, Infer: 0.00ms, Total: 14.70s)
2026-10-08 02:51:40 [INFO] tempo.benchmark: Resuming: skipping completed [beijing-pm25 | numba_efficient | subsampled | random_forest | seed 42]
2026-10-08 02:51:40 [INFO] tempo.benchmark: Resuming: skipping completed [beijing-pm25 | numba_efficient | subsampled | ridge | seed 42]
2026-10-08 02:51:41 [INFO] tempo.benchmark: Resuming: skipping completed [beijing-pm25 | numba_efficient | None | random_forest | seed 42]
2026-10-08 02:51:41 [INFO] tempo.benchmark: Resuming: skipping completed [beijing-pm25 | numba_efficient | None | ridge | seed 42]
2026-10-08 02:51:41 [INFO] tempo.benchmark: Resuming: skipping completed [beijing-pm25 | numba_efficient | select_k_best | random_forest | seed 42]
2026-10-08 02:51:41 [INFO] tempo.benchmark: Resuming: skipping completed [beijing-pm25 | numba_efficient | select_k_best | ridge | seed 42]
2026-10-08 02:51:41 [INFO] tempo.benchmark: Resuming: skipping completed [beijing-pm25 | numba_efficient | fdr | random_forest | seed 42]
2026-10-08 02:51:41 [INFO] tempo.benchmark: Resuming: skipping completed [beijing-pm25 | numba_efficient | fdr | ridge | seed 42]
2026-10-08 02:51:41 [INFO] tempo.benchmark: Resuming: skipping completed [beijing-pm25 | numba_efficient | subsampled | random_forest | seed 42]
2026-10-08 02:51:41 [INFO] tempo.benchmark: Resuming: skipping completed [beijing-pm25 | numba_efficient | subsampled | ridge | seed 42]
2026-10-08 02:51:41 [INFO] tempo.benchmark: Resuming: skipping completed [beijing-pm25 | numba_efficient | subsampled | random_forest | seed 42]
2026-10-08 02:51:41 [INFO] tempo.benchmark: Resuming: skipping completed [beijing-pm25 | numba_efficient | subsampled | ridge | seed 42]
2026-10-08 02:51:41 [INFO] tempo.benchmark: Resuming: skipping completed [beijing-pm25 | numba_efficient | None | random_forest | seed 42]
2026-10-08 02:51:41 [INFO] tempo.benchmark: Resuming: skipping completed [beijing-pm25 | numba_efficient | None | ridge | seed 42]
2026-10-08 02:51:41 [INFO] tempo.benchmark: Resuming: skipping completed [beijing-pm25 | numba_efficient | select_k_best | random_forest | seed 42]
2026-10-08 02:51:41 [INFO] tempo.benchmark: Resuming: skipping completed [beijing-pm25 | numba_efficient | select_k_best | ridge | seed 42]
2026-10-08 02:51:41 [INFO] tempo.benchmark: Resuming: skipping completed [beijing-pm25 | numba_efficient | fdr | random_forest | seed 42]
2026-10-08 02:51:41 [INFO] tempo.benchmark: Resuming: skipping completed [beijing-pm25 | numba_efficient | fdr | ridge | seed 42]
2026-10-08 02:51:41 [INFO] tempo.benchmark: Resuming: skipping completed [beijing-pm25 | numba_efficient | subsampled | random_forest | seed 42]
2026-10-08 02:51:41 [INFO] tempo.benchmark: Resuming: skipping completed [beijing-pm25 | numba_efficient | subsampled | ridge | seed 42]
2026-10-08 02:51:41 [INFO] tempo.benchmark: Resuming: skipping completed [beijing-pm25 | numba_efficient | subsampled | random_forest | seed 42]
2026-10-08 02:51:41 [INFO] tempo.benchmark: Resuming: skipping completed [beijing-pm25 | numba_efficient | subsampled | ridge | seed 42]
2026-10-08 02:59:42 [INFO] tempo.benchmark: Evaluated: [beijing-pm25 | tsfresh_efficient | None | random_forest] -> Score: 0.5056 (Fit: 48.184s, Infer: 0.04ms, Total: 479.68s)
2026-10-08 02:59:44 [INFO] tempo.benchmark: Evaluated: [beijing-pm25 | tsfresh_efficient | None | ridge] -> Score: -3.049078811118088e+21 (Fit: 0.318s, Infer: 0.03ms, Total: 240.33s)
2026-10-08 02:59:46 [INFO] tempo.benchmark: Evaluated: [beijing-pm25 | tsfresh_efficient | select_k_best | random_forest] -> Score: 0.3144 (Fit: 0.330s, Infer: 0.02ms, Total: 240.62s)
2026-10-08 02:59:47 [INFO] tempo.benchmark: Evaluated: [beijing-pm25 | tsfresh_efficient | select_k_best | ridge] -> Score: 0.2995 (Fit: 0.002s, Infer: 0.00ms, Total: 238.91s)
2026-10-08 03:02:39 [INFO] tempo.benchmark: Evaluated: [beijing-pm25 | tsfresh_efficient | fdr | random_forest] -> Score: 0.4983 (Fit: 29.879s, Infer: 0.04ms, Total: 409.52s)
2026-10-08 03:03:01 [INFO] tempo.benchmark: Evaluated: [beijing-pm25 | tsfresh_efficient | fdr | ridge] -> Score: -178.2453 (Fit: 0.172s, Infer: 0.02ms, Total: 259.99s)
2026-10-08 03:04:26 [INFO] tempo.benchmark: Evaluated: [beijing-pm25 | tsfresh_efficient | subsampled | random_forest] -> Score: 0.4826 (Fit: 13.487s, Infer: 0.03ms, Total: 322.83s)
2026-10-08 03:04:43 [INFO] tempo.benchmark: Evaluated: [beijing-pm25 | tsfresh_efficient | subsampled | ridge] -> Score: -14.6281 (Fit: 0.050s, Infer: 0.01ms, Total: 255.66s)
2026-10-08 03:04:43 [INFO] tempo.benchmark: Resuming: skipping completed [beijing-pm25 | tsfresh_efficient | subsampled | random_forest | seed 42]
2026-10-08 03:04:43 [INFO] tempo.benchmark: Resuming: skipping completed [beijing-pm25 | tsfresh_efficient | subsampled | ridge | seed 42]
2026-10-08 03:04:53 [INFO] tempo.benchmark: Evaluated: [beijing-pm25 | tsfresh_minimal | None | random_forest] -> Score: 0.4556 (Fit: 0.987s, Infer: 0.03ms, Total: 10.00s)
2026-10-08 03:04:53 [INFO] tempo.benchmark: Evaluated: [beijing-pm25 | tsfresh_minimal | None | ridge] -> Score: 0.3862 (Fit: 0.005s, Infer: 0.00ms, Total: 5.00s)
2026-10-08 03:04:56 [INFO] tempo.benchmark: Evaluated: [beijing-pm25 | tsfresh_minimal | select_k_best | random_forest] -> Score: 0.2536 (Fit: 0.262s, Infer: 0.02ms, Total: 6.43s)
2026-10-08 03:04:56 [INFO] tempo.benchmark: Evaluated: [beijing-pm25 | tsfresh_minimal | select_k_best | ridge] -> Score: 0.2383 (Fit: 0.003s, Infer: 0.00ms, Total: 5.06s)
2026-10-08 03:05:15 [INFO] tempo.benchmark: Evaluated: [beijing-pm25 | tsfresh_minimal | fdr | random_forest] -> Score: 0.4542 (Fit: 0.808s, Infer: 0.03ms, Total: 23.54s)
2026-10-08 03:05:30 [INFO] tempo.benchmark: Evaluated: [beijing-pm25 | tsfresh_minimal | fdr | ridge] -> Score: 0.3595 (Fit: 0.005s, Infer: 0.00ms, Total: 19.35s)
2026-10-08 03:05:48 [INFO] tempo.benchmark: Evaluated: [beijing-pm25 | tsfresh_minimal | subsampled | random_forest] -> Score: 0.398 (Fit: 0.491s, Infer: 0.02ms, Total: 21.77s)
2026-10-08 03:06:03 [INFO] tempo.benchmark: Evaluated: [beijing-pm25 | tsfresh_minimal | subsampled | ridge] -> Score: 0.2994 (Fit: 0.004s, Infer: 0.00ms, Total: 19.31s)
2026-10-08 03:06:03 [INFO] tempo.benchmark: Resuming: skipping completed [beijing-pm25 | tsfresh_minimal | subsampled | random_forest | seed 42]
2026-10-08 03:06:03 [INFO] tempo.benchmark: Resuming: skipping completed [beijing-pm25 | tsfresh_minimal | subsampled | ridge | seed 42]
2026-10-08 03:06:06 [INFO] tempo.benchmark: Evaluated: [beijing-pm25 | polars_statistics | None | random_forest] -> Score: 0.443 (Fit: 0.577s, Infer: 0.03ms, Total: 3.00s)
2026-10-08 03:06:06 [INFO] tempo.benchmark: Evaluated: [beijing-pm25 | polars_statistics | None | ridge] -> Score: 0.3779 (Fit: 0.003s, Infer: 0.00ms, Total: 0.04s)
2026-10-08 03:06:08 [INFO] tempo.benchmark: Evaluated: [beijing-pm25 | polars_statistics | select_k_best | random_forest] -> Score: 0.3577 (Fit: 0.283s, Infer: 0.02ms, Total: 1.58s)
2026-10-08 03:06:09 [INFO] tempo.benchmark: Evaluated: [beijing-pm25 | polars_statistics | select_k_best | ridge] -> Score: 0.2509 (Fit: 0.003s, Infer: 0.00ms, Total: 0.11s)
2026-10-08 03:06:26 [INFO] tempo.benchmark: Evaluated: [beijing-pm25 | polars_statistics | fdr | random_forest] -> Score: 0.4408 (Fit: 0.465s, Infer: 0.02ms, Total: 16.69s)
2026-10-08 03:06:41 [INFO] tempo.benchmark: Evaluated: [beijing-pm25 | polars_statistics | fdr | ridge] -> Score: 0.3407 (Fit: 0.004s, Infer: 0.00ms, Total: 14.32s)
2026-10-08 03:06:57 [INFO] tempo.benchmark: Evaluated: [beijing-pm25 | polars_statistics | subsampled | random_forest] -> Score: 0.3715 (Fit: 0.308s, Infer: 0.03ms, Total: 15.65s)
2026-10-08 03:07:12 [INFO] tempo.benchmark: Evaluated: [beijing-pm25 | polars_statistics | subsampled | ridge] -> Score: 0.2663 (Fit: 0.003s, Infer: 0.00ms, Total: 14.15s)
2026-10-08 03:07:12 [INFO] tempo.benchmark: Resuming: skipping completed [beijing-pm25 | polars_statistics | subsampled | random_forest | seed 42]
2026-10-08 03:07:12 [INFO] tempo.benchmark: Resuming: skipping completed [beijing-pm25 | polars_statistics | subsampled | ridge | seed 42]
2026-10-08 03:08:29 [INFO] tempo.benchmark: Evaluated: [beijing-pm25 | tsfel | None | random_forest] -> Score: 0.4555 (Fit: 2.136s, Infer: 0.02ms, Total: 77.45s)
2026-10-08 03:08:29 [INFO] tempo.benchmark: Evaluated: [beijing-pm25 | tsfel | None | ridge] -> Score: 0.3915 (Fit: 0.013s, Infer: 0.00ms, Total: 66.76s)
2026-10-08 03:08:31 [INFO] tempo.benchmark: Evaluated: [beijing-pm25 | tsfel | select_k_best | random_forest] -> Score: 0.2258 (Fit: 0.224s, Infer: 0.02ms, Total: 67.96s)
2026-10-08 03:08:32 [INFO] tempo.benchmark: Evaluated: [beijing-pm25 | tsfel | select_k_best | ridge] -> Score: 0.2481 (Fit: 0.003s, Infer: 0.00ms, Total: 66.78s)
2026-10-08 03:08:55 [INFO] tempo.benchmark: Evaluated: [beijing-pm25 | tsfel | fdr | random_forest] -> Score: 0.4458 (Fit: 1.597s, Infer: 0.02ms, Total: 89.70s)
2026-10-08 03:09:11 [INFO] tempo.benchmark: Evaluated: [beijing-pm25 | tsfel | fdr | ridge] -> Score: 0.3745 (Fit: 0.008s, Infer: 0.00ms, Total: 81.28s)
2026-10-08 03:09:30 [INFO] tempo.benchmark: Evaluated: [beijing-pm25 | tsfel | subsampled | random_forest] -> Score: 0.3976 (Fit: 0.982s, Infer: 0.02ms, Total: 85.87s)
2026-10-08 03:09:45 [INFO] tempo.benchmark: Evaluated: [beijing-pm25 | tsfel | subsampled | ridge] -> Score: 0.3214 (Fit: 0.005s, Infer: 0.00ms, Total: 80.99s)
2026-10-08 03:09:45 [INFO] tempo.benchmark: Resuming: skipping completed [beijing-pm25 | tsfel | subsampled | random_forest | seed 42]
2026-10-08 03:09:45 [INFO] tempo.benchmark: Resuming: skipping completed [beijing-pm25 | tsfel | subsampled | ridge | seed 42]
2026-10-08 03:09:45 [INFO] tempo.benchmark: Saved benchmark telemetry to: benchmark_results/andreas_regression/benchmark_results_20261008_030945.csv and benchmark_results/andreas_regression/benchmark_results.csv
